Component: ARM Compiler 5.06 update 5 (build 528) Tool: armlink [4d35e2]

==============================================================================

Section Cross References

    main.o(i.HAL_UART_RxCpltCallback) refers to stm32f4xx_hal_uart.o(i.HAL_UART_Receive_IT) for HAL_UART_Receive_IT
    main.o(i.HAL_UART_RxCpltCallback) refers to main.o(.data) for .data
    main.o(i.HAL_UART_RxCpltCallback) refers to main.o(.bss) for .bss
    main.o(i.HAL_UART_TxCpltCallback) refers to stm32f4xx_hal_uart.o(i.HAL_UART_Transmit_IT) for HAL_UART_Transmit_IT
    main.o(i.HAL_UART_TxCpltCallback) refers to main.o(.data) for .data
    main.o(i.HAL_UART_TxCpltCallback) refers to main.o(.bss) for .bss
    main.o(i.MX_I2C1_Init) refers to stm32f4xx_hal_i2c.o(i.HAL_I2C_Init) for HAL_I2C_Init
    main.o(i.MX_I2C1_Init) refers to main.o(.bss) for .bss
    main.o(i.RxBufferGetChar) refers to main.o(.bss) for .bss
    main.o(i.RxBufferGetChar) refers to main.o(.data) for .data
    main.o(i.SystemClock_Config) refers to stm32f4xx_hal_rcc_ex.o(i.HAL_RCC_OscConfig) for HAL_RCC_OscConfig
    main.o(i.SystemClock_Config) refers to stm32f4xx_hal_rcc.o(i.HAL_RCC_ClockConfig) for HAL_RCC_ClockConfig
    main.o(i.SystemClock_Config) refers to stm32f4xx_hal_rcc.o(i.HAL_RCC_GetHCLKFreq) for HAL_RCC_GetHCLKFreq
    main.o(i.SystemClock_Config) refers to stm32f4xx_hal_cortex.o(i.HAL_SYSTICK_Config) for HAL_SYSTICK_Config
    main.o(i.SystemClock_Config) refers to stm32f4xx_hal_cortex.o(i.HAL_SYSTICK_CLKSourceConfig) for HAL_SYSTICK_CLKSourceConfig
    main.o(i.SystemClock_Config) refers to stm32f4xx_hal_cortex.o(i.HAL_NVIC_SetPriority) for HAL_NVIC_SetPriority
    main.o(i.TxBufferPutChar) refers to main.o(.bss) for .bss
    main.o(i.TxBufferPutChar) refers to main.o(.data) for .data
    main.o(i.addToCommandQueue) refers to main.o(i.digit_to_int) for digit_to_int
    main.o(i.addToCommandQueue) refers to main.o(.data) for .data
    main.o(i.addToCommandQueue) refers to main.o(.bss) for .bss
    main.o(i.addToTx) refers to main.o(i.TxBufferPutChar) for TxBufferPutChar
    main.o(i.addToTx) refers to strlen.o(.text) for strlen
    main.o(i.addToTx) refers to stm32f4xx_hal_uart.o(i.HAL_UART_Transmit_IT) for HAL_UART_Transmit_IT
    main.o(i.addToTx) refers to main.o(.data) for .data
    main.o(i.addToTx) refers to main.o(.bss) for .bss
    main.o(i.changeInterval) refers to main.o(.data) for .data
    main.o(i.checkCommand) refers to main.o(i.digit_to_int) for digit_to_int
    main.o(i.checkCommand) refers to main.o(.data) for .data
    main.o(i.digit_to_int) refers to strtol.o(.text) for strtol
    main.o(i.executeCommand) refers to main.o(i.powerUpSensor) for powerUpSensor
    main.o(i.executeCommand) refers to main.o(i.powerDownSensor) for powerDownSensor
    main.o(i.executeCommand) refers to stm32f4xx_hal_i2c.o(i.HAL_I2C_Master_Transmit) for HAL_I2C_Master_Transmit
    main.o(i.executeCommand) refers to stm32f4xx_hal_i2c.o(i.HAL_I2C_Master_Receive) for HAL_I2C_Master_Receive
    main.o(i.executeCommand) refers to printfa.o(i.__0sprintf) for __2sprintf
    main.o(i.executeCommand) refers to main.o(i.addToTx) for addToTx
    main.o(i.executeCommand) refers to main.o(.bss) for .bss
    main.o(i.executeCommand) refers to main.o(.data) for .data
    main.o(i.getLux) refers to stm32f4xx_hal_i2c.o(i.HAL_I2C_Master_Transmit) for HAL_I2C_Master_Transmit
    main.o(i.getLux) refers to stm32f4xx_hal_i2c.o(i.HAL_I2C_Master_Receive) for HAL_I2C_Master_Receive
    main.o(i.getLux) refers to lux.o(i.CalculateLux) for CalculateLux
    main.o(i.getLux) refers to main.o(.data) for .data
    main.o(i.getLux) refers to main.o(.bss) for .bss
    main.o(i.getMean) refers to main.o(.bss) for .bss
    main.o(i.getMean) refers to main.o(.data) for .data
    main.o(i.getSD) refers to f2d.o(.text) for __aeabi_f2d
    main.o(i.getSD) refers to pow.o(i.__hardfp_pow) for __hardfp_pow
    main.o(i.getSD) refers to dadd.o(.text) for __aeabi_dadd
    main.o(i.getSD) refers to d2f.o(.text) for __aeabi_d2f
    main.o(i.getSD) refers to sqrt.o(i.__hardfp_sqrt) for __hardfp_sqrt
    main.o(i.getSD) refers to main.o(.data) for .data
    main.o(i.getSD) refers to main.o(.bss) for .bss
    main.o(i.grabCommand) refers to main.o(.data) for .data
    main.o(i.grabCommand) refers to main.o(.bss) for .bss
    main.o(i.main) refers to stm32f4xx_hal.o(i.HAL_Init) for HAL_Init
    main.o(i.main) refers to main.o(i.SystemClock_Config) for SystemClock_Config
    main.o(i.main) refers to main.o(i.MX_I2C1_Init) for MX_I2C1_Init
    main.o(i.main) refers to stm32f4xx_hal_uart.o(i.HAL_UART_Init) for HAL_UART_Init
    main.o(i.main) refers to stm32f4xx_hal.o(i.HAL_GetTick) for HAL_GetTick
    main.o(i.main) refers to stm32f4xx_hal_uart.o(i.HAL_UART_Receive_IT) for HAL_UART_Receive_IT
    main.o(i.main) refers to main.o(i.getLux) for getLux
    main.o(i.main) refers to main.o(i.getMean) for getMean
    main.o(i.main) refers to main.o(i.getSD) for getSD
[...]
    Removing stm32f4xx_hal_i2c.o(i.I2C_Master_ADDR), (244 bytes).
    Removing stm32f4xx_hal_i2c.o(i.I2C_Master_SB), (90 bytes).
    Removing stm32f4xx_hal_i2c.o(i.I2C_RequestMemoryRead), (240 bytes).
    Removing stm32f4xx_hal_i2c.o(i.I2C_RequestMemoryWrite), (160 bytes).
    Removing stm32f4xx_hal_i2c.o(i.I2C_Slave_AF), (132 bytes).
    Removing stm32f4xx_hal_i2c.o(i.I2C_Slave_STOPF), (220 bytes).
    Removing stm32f4xx_hal_pwr_ex.o(.rev16_text), (4 bytes).
    Removing stm32f4xx_hal_pwr_ex.o(.revsh_text), (4 bytes).
    Removing stm32f4xx_hal_pwr_ex.o(.rrx_text), (6 bytes).
    Removing stm32f4xx_hal_pwr_ex.o(i.HAL_PWREx_ControlVoltageScaling), (176 bytes).
    Removing stm32f4xx_hal_pwr_ex.o(i.HAL_PWREx_DisableBkUpReg), (60 bytes).
    Removing stm32f4xx_hal_pwr_ex.o(i.HAL_PWREx_DisableFlashPowerDown), (12 bytes).
    Removing stm32f4xx_hal_pwr_ex.o(i.HAL_PWREx_DisableOverDrive), (112 bytes).
    Removing stm32f4xx_hal_pwr_ex.o(i.HAL_PWREx_EnableBkUpReg), (60 bytes).
    Removing stm32f4xx_hal_pwr_ex.o(i.HAL_PWREx_EnableFlashPowerDown), (12 bytes).
    Removing stm32f4xx_hal_pwr_ex.o(i.HAL_PWREx_EnableOverDrive), (112 bytes).
    Removing stm32f4xx_hal_pwr_ex.o(i.HAL_PWREx_EnterUnderDriveSTOPMode), (96 bytes).
    Removing stm32f4xx_hal_pwr_ex.o(i.HAL_PWREx_GetVoltageRange), (16 bytes).
    Removing stm32f4xx_hal_uart.o(.rev16_text), (4 bytes).
    Removing stm32f4xx_hal_uart.o(.revsh_text), (4 bytes).
    Removing stm32f4xx_hal_uart.o(.rrx_text), (6 bytes).
    Removing stm32f4xx_hal_uart.o(i.HAL_HalfDuplex_EnableReceiver), (50 bytes).
    Removing stm32f4xx_hal_uart.o(i.HAL_HalfDuplex_EnableTransmitter), (50 bytes).
    Removing stm32f4xx_hal_uart.o(i.HAL_HalfDuplex_Init), (108 bytes).
    Removing stm32f4xx_hal_uart.o(i.HAL_LIN_Init), (128 bytes).
    Removing stm32f4xx_hal_uart.o(i.HAL_LIN_SendBreak), (46 bytes).
    Removing stm32f4xx_hal_uart.o(i.HAL_MultiProcessor_EnterMuteMode), (46 bytes).
    Removing stm32f4xx_hal_uart.o(i.HAL_MultiProcessor_ExitMuteMode), (46 bytes).
    Removing stm32f4xx_hal_uart.o(i.HAL_MultiProcessor_Init), (142 bytes).
    Removing stm32f4xx_hal_uart.o(i.HAL_UART_Abort), (104 bytes).
    Removing stm32f4xx_hal_uart.o(i.HAL_UART_AbortCpltCallback), (2 bytes).
    Removing stm32f4xx_hal_uart.o(i.HAL_UART_AbortReceive), (68 bytes).
    Removing stm32f4xx_hal_uart.o(i.HAL_UART_AbortReceiveCpltCallback), (2 bytes).
    Removing stm32f4xx_hal_uart.o(i.HAL_UART_AbortReceive_IT), (92 bytes).
    Removing stm32f4xx_hal_uart.o(i.HAL_UART_AbortTransmit), (58 bytes).
    Removing stm32f4xx_hal_uart.o(i.HAL_UART_AbortTransmitCpltCallback), (2 bytes).
    Removing stm32f4xx_hal_uart.o(i.HAL_UART_AbortTransmit_IT), (84 bytes).
    Removing stm32f4xx_hal_uart.o(i.HAL_UART_Abort_IT), (172 bytes).
    Removing stm32f4xx_hal_uart.o(i.HAL_UART_DMAPause), (102 bytes).
    Removing stm32f4xx_hal_uart.o(i.HAL_UART_DMAResume), (94 bytes).
    Removing stm32f4xx_hal_uart.o(i.HAL_UART_DMAStop), (88 bytes).
    Removing stm32f4xx_hal_uart.o(i.HAL_UART_DeInit), (40 bytes).
    Removing stm32f4xx_hal_uart.o(i.HAL_UART_GetError), (4 bytes).
    Removing stm32f4xx_hal_uart.o(i.HAL_UART_GetState), (10 bytes).
    Removing stm32f4xx_hal_uart.o(i.HAL_UART_MspDeInit), (2 bytes).
    Removing stm32f4xx_hal_uart.o(i.HAL_UART_MspInit), (2 bytes).
    Removing stm32f4xx_hal_uart.o(i.HAL_UART_Receive), (184 bytes).
    Removing stm32f4xx_hal_uart.o(i.HAL_UART_Receive_DMA), (152 bytes).
    Removing stm32f4xx_hal_uart.o(i.HAL_UART_RxCpltCallback), (2 bytes).
    Removing stm32f4xx_hal_uart.o(i.HAL_UART_RxHalfCpltCallback), (2 bytes).
    Removing stm32f4xx_hal_uart.o(i.HAL_UART_Transmit), (186 bytes).
    Removing stm32f4xx_hal_uart.o(i.HAL_UART_Transmit_DMA), (128 bytes).
    Removing stm32f4xx_hal_uart.o(i.HAL_UART_TxCpltCallback), (2 bytes).
    Removing stm32f4xx_hal_uart.o(i.HAL_UART_TxHalfCpltCallback), (2 bytes).
    Removing stm32f4xx_hal_uart.o(i.UART_DMAError), (74 bytes).
    Removing stm32f4xx_hal_uart.o(i.UART_DMAReceiveCplt), (60 bytes).
    Removing stm32f4xx_hal_uart.o(i.UART_DMARxAbortCallback), (42 bytes).
    Removing stm32f4xx_hal_uart.o(i.UART_DMARxHalfCplt), (10 bytes).
    Removing stm32f4xx_hal_uart.o(i.UART_DMARxOnlyAbortCallback), (20 bytes).
    Removing stm32f4xx_hal_uart.o(i.UART_DMATransmitCplt), (46 bytes).
    Removing stm32f4xx_hal_uart.o(i.UART_DMATxAbortCallback), (42 bytes).
    Removing stm32f4xx_hal_uart.o(i.UART_DMATxHalfCplt), (10 bytes).
    Removing stm32f4xx_hal_uart.o(i.UART_DMATxOnlyAbortCallback), (20 bytes).
    Removing stm32f4xx_hal_uart.o(i.UART_EndTxTransfer), (18 bytes).
    Removing stm32f4xx_hal_uart.o(i.UART_WaitOnFlagUntilTimeout), (100 bytes).
    Removing system_stm32f4xx.o(.rev16_text), (4 bytes).
    Removing system_stm32f4xx.o(.revsh_text), (4 bytes).
    Removing system_stm32f4xx.o(.rrx_text), (6 bytes).
    Removing system_stm32f4xx.o(i.SystemCoreClockUpdate), (124 bytes).
    Removing dneg.o(.text), (6 bytes).
    Removing cdcmple.o(.text), (48 bytes).

303 unused section(s) (total 24155 bytes) removed from the image.

==============================================================================

Image Symbol Table

    Local Symbols

    Symbol Name                              Value     Ov Type        Size  Object(Section)

    ../Drivers/STM32F4xx_HAL_Driver/Src/stm32f4xx_hal.c 0x00000000   Number         0  stm32f4xx_hal.o ABSOLUTE
    ../Drivers/STM32F4xx_HAL_Driver/Src/stm32f4xx_hal_cortex.c 0x00000000   Number         0  stm32f4xx_hal_cortex.o ABSOLUTE
    ../Drivers/STM32F4xx_HAL_Driver/Src/stm32f4xx_hal_dma.c 0x00000000   Number         0  stm32f4xx_hal_dma.o ABSOLUTE
    ../Drivers/STM32F4xx_HAL_Driver/Src/stm32f4xx_hal_dma_ex.c 0x00000000   Number         0  stm32f4xx_hal_dma_ex.o ABSOLUTE
    ../Drivers/STM32F4xx_HAL_Driver/Src/stm32f4xx_hal_flash.c 0x00000000   Number         0  stm32f4xx_hal_flash.o ABSOLUTE
    ../Drivers/STM32F4xx_HAL_Driver/Src/stm32f4xx_hal_flash_ex.c 0x00000000   Number         0  stm32f4xx_hal_flash_ex.o ABSOLUTE
    ../Drivers/STM32F4xx_HAL_Driver/Src/stm32f4xx_hal_flash_ramfunc.c 0x00000000   Number         0  stm32f4xx_hal_flash_ramfunc.o ABSOLUTE
    ../Drivers/STM32F4xx_HAL_Driver/Src/stm32f4xx_hal_gpio.c 0x00000000   Number         0  stm32f4xx_hal_gpio.o ABSOLUTE
    ../Drivers/STM32F4xx_HAL_Driver/Src/stm32f4xx_hal_i2c.c 0x00000000   Number         0  stm32f4xx_hal_i2c.o ABSOLUTE
    ../Drivers/STM32F4xx_HAL_Driver/Src/stm32f4xx_hal_i2c_ex.c 0x00000000   Number         0  stm32f4xx_hal_i2c_ex.o ABSOLUTE
    ../Drivers/STM32F4xx_HAL_Driver/Src/stm32f4xx_hal_pwr.c 0x00000000   Number         0  stm32f4xx_hal_pwr.o ABSOLUTE
    ../Drivers/STM32F4xx_HAL_Driver/Src/stm32f4xx_hal_pwr_ex.c 0x00000000   Number         0  stm32f4xx_hal_pwr_ex.o ABSOLUTE
    ../Drivers/STM32F4xx_HAL_Driver/Src/stm32f4xx_hal_rcc.c 0x00000000   Number         0  stm32f4xx_hal_rcc.o ABSOLUTE
    ../Drivers/STM32F4xx_HAL_Driver/Src/stm32f4xx_hal_rcc_ex.c 0x00000000   Number         0  stm32f4xx_hal_rcc_ex.o ABSOLUTE
    ../Drivers/STM32F4xx_HAL_Driver/Src/stm32f4xx_hal_tim.c 0x00000000   Number         0  stm32f4xx_hal_tim.o ABSOLUTE
    ../Drivers/STM32F4xx_HAL_Driver/Src/stm32f4xx_hal_tim_ex.c 0x00000000   Number         0  stm32f4xx_hal_tim_ex.o ABSOLUTE
    ../Drivers/STM32F4xx_HAL_Driver/Src/stm32f4xx_hal_uart.c 0x00000000   Number         0  stm32f4xx_hal_uart.o ABSOLUTE
    ../Src/main.c                            0x00000000   Number         0  main.o ABSOLUTE
    ../Src/stm32f4xx_hal_msp.c               0x00000000   Number         0  stm32f4xx_hal_msp.o ABSOLUTE
    ../Src/stm32f4xx_it.c                    0x00000000   Number         0  stm32f4xx_it.o ABSOLUTE
    ../Src/system_stm32f4xx.c                0x00000000   Number         0  system_stm32f4xx.o ABSOLUTE
    ../clib/microlib/ctype/ctype.c           0x00000000   Number         0  isalnum_o.o ABSOLUTE
    ../clib/microlib/ctype/ctype.c           0x00000000   Number         0  islower_o.o ABSOLUTE
    ../clib/microlib/ctype/ctype.c           0x00000000   Number         0  isblank_o.o ABSOLUTE
    ../clib/microlib/ctype/ctype.c           0x00000000   Number         0  isgraph_o.o ABSOLUTE
    ../clib/microlib/ctype/ctype.c           0x00000000   Number         0  isdigit_o.o ABSOLUTE
    ../clib/microlib/ctype/ctype.c           0x00000000   Number         0  isprint_o.o ABSOLUTE
    ../clib/microlib/ctype/ctype.c           0x00000000   Number         0  ispunct_o.o ABSOLUTE
    ../clib/microlib/ctype/ctype.c           0x00000000   Number         0  isspace_o.o ABSOLUTE
    ../clib/microlib/ctype/ctype.c           0x00000000   Number         0  isupper_o.o ABSOLUTE
    ../clib/microlib/ctype/ctype.c           0x00000000   Number         0  isxdigit_o.o ABSOLUTE
    ../clib/microlib/ctype/ctype.c           0x00000000   Number         0  iscntrl_o.o ABSOLUTE
    ../clib/microlib/ctype/ctype.c           0x00000000   Number         0  ctype_o.o ABSOLUTE
    ../clib/microlib/ctype/ctype.c           0x00000000   Number         0  isalpha_o.o ABSOLUTE
    ../clib/microlib/division.c              0x00000000   Number         0  uldiv.o ABSOLUTE
    ../clib/microlib/division.c              0x00000000   Number         0  uidiv.o ABSOLUTE
    ../clib/microlib/errno.c                 0x00000000   Number         0  errno.o ABSOLUTE
    ../clib/microlib/init/entry.s            0x00000000   Number         0  entry10b.o ABSOLUTE
    ../clib/microlib/init/entry.s            0x00000000   Number         0  entry.o ABSOLUTE
    ../clib/microlib/init/entry.s            0x00000000   Number         0  entry11b.o ABSOLUTE
    ../clib/microlib/init/entry.s            0x00000000   Number         0  entry11a.o ABSOLUTE
    ../clib/microlib/init/entry.s            0x00000000   Number         0  entry9b.o ABSOLUTE
    ../clib/microlib/init/entry.s            0x00000000   Number         0  entry9a.o ABSOLUTE
    ../clib/microlib/init/entry.s            0x00000000   Number         0  entry8b.o ABSOLUTE
    ../clib/microlib/init/entry.s            0x00000000   Number         0  entry8a.o ABSOLUTE
    ../clib/microlib/init/entry.s            0x00000000   Number         0  entry7b.o ABSOLUTE
    ../clib/microlib/init/entry.s            0x00000000   Number         0  entry7a.o ABSOLUTE
    ../clib/microlib/init/entry.s            0x00000000   Number         0  entry5.o ABSOLUTE
    ../clib/microlib/init/entry.s            0x00000000   Number         0  entry2.o ABSOLUTE
    ../clib/microlib/init/entry.s            0x00000000   Number         0  entry10a.o ABSOLUTE
    ../clib/microlib/longlong.c              0x00000000   Number         0  llsshr.o ABSOLUTE
    ../clib/microlib/longlong.c              0x00000000   Number         0  llushr.o ABSOLUTE
    ../clib/microlib/longlong.c              0x00000000   Number         0  llshl.o ABSOLUTE
    ../clib/microlib/malloc/malloc.c         0x00000000   Number         0  malloc.o ABSOLUTE
    ../clib/microlib/malloc/malloc.c         0x00000000   Number         0  malloca.o ABSOLUTE
    ../clib/microlib/malloc/malloc.c         0x00000000   Number         0  mallocr.o ABSOLUTE
    ../clib/microlib/malloc/malloc.c         0x00000000   Number         0  mallocra.o ABSOLUTE
    ../clib/microlib/malloc/mvars.c          0x00000000   Number         0  mvars.o ABSOLUTE
    ../clib/microlib/printf/printf.c         0x00000000   Number         0  printf1.o ABSOLUTE
    ../clib/microlib/printf/printf.c         0x00000000   Number         0  printf0.o ABSOLUTE
    ../clib/microlib/printf/printf.c         0x00000000   Number         0  printfb.o ABSOLUTE
    ../clib/microlib/printf/printf.c         0x00000000   Number         0  printf3.o ABSOLUTE
    ../clib/microlib/printf/printf.c         0x00000000   Number         0  printf4.o ABSOLUTE
    ../clib/microlib/printf/printf.c         0x00000000   Number         0  printf2.o ABSOLUTE
    ../clib/microlib/printf/printf.c         0x00000000   Number         0  printf5.o ABSOLUTE
    ../clib/microlib/printf/printf.c         0x00000000   Number         0  printf6.o ABSOLUTE
    ../clib/microlib/printf/printf.c         0x00000000   Number         0  printf7.o ABSOLUTE
    ../clib/microlib/printf/printf.c         0x00000000   Number         0  printf8.o ABSOLUTE
    ../clib/microlib/printf/printf.c         0x00000000   Number         0  printfa.o ABSOLUTE
    ../clib/microlib/printf/stubs.s          0x00000000   Number         0  stubs.o ABSOLUTE
    ../clib/microlib/stdio/fputc.c           0x00000000   Number         0  fputc.o ABSOLUTE
    ../clib/microlib/stdio/semi.s            0x00000000   Number         0  semi.o ABSOLUTE
    ../clib/microlib/stdio/streams.c         0x00000000   Number         0  stdout.o ABSOLUTE
    ../clib/microlib/string/memcpy.c         0x00000000   Number         0  memcpya.o ABSOLUTE
    ../clib/microlib/string/memcpy.c         0x00000000   Number         0  memcpyb.o ABSOLUTE
    ../clib/microlib/string/strlen.c         0x00000000   Number         0  strlen.o ABSOLUTE
    ../clib/microlib/stubs.s                 0x00000000   Number         0  iusesemip.o ABSOLUTE
    ../clib/microlib/stubs.s                 0x00000000   Number         0  iusefp.o ABSOLUTE
    ../clib/scanf.c                          0x00000000   Number         0  strtol.o ABSOLUTE
    ../clib/scanf.c                          0x00000000   Number         0  _strtoul.o ABSOLUTE
    ../clib/scanf.c                          0x00000000   Number         0  _chval.o ABSOLUTE
    ../fplib/microlib/d2f.c                  0x00000000   Number         0  d2f.o ABSOLUTE
    ../fplib/microlib/f2d.c                  0x00000000   Number         0  f2d.o ABSOLUTE
    ../fplib/microlib/fpadd.c                0x00000000   Number         0  dadd.o ABSOLUTE
    ../fplib/microlib/fpdiv.c                0x00000000   Number         0  ddiv.o ABSOLUTE
    ../fplib/microlib/fpepilogue.c           0x00000000   Number         0  fepilogue.o ABSOLUTE
    ../fplib/microlib/fpepilogue.c           0x00000000   Number         0  depilogue.o ABSOLUTE
    ../fplib/microlib/fpfix.c                0x00000000   Number         0  dfixul.o ABSOLUTE
    ../fplib/microlib/fpflt.c                0x00000000   Number         0  dflti.o ABSOLUTE
    ../fplib/microlib/fpmul.c                0x00000000   Number         0  dmul.o ABSOLUTE
    ../fplib/microlib/fpneg.c                0x00000000   Number         0  dneg.o ABSOLUTE
    ../fplib/microlib/fpscalb.c              0x00000000   Number         0  dscalb.o ABSOLUTE
    ../fplib/microlib/fpsqrt.c               0x00000000   Number         0  dsqrt.o ABSOLUTE
    ../mathlib/dunder.c                      0x00000000   Number         0  dunder.o ABSOLUTE
    ../mathlib/fabs.c                        0x00000000   Number         0  fabs.o ABSOLUTE
    ../mathlib/fpclassify.c                  0x00000000   Number         0  fpclassify.o ABSOLUTE
    ../mathlib/poly.c                        0x00000000   Number         0  poly.o ABSOLUTE
    ../mathlib/pow.c                         0x00000000   Number         0  pow.o ABSOLUTE
    ../mathlib/pow.c                         0x00000000   Number         0  pow_x.o ABSOLUTE
    ../mathlib/qnan.c                        0x00000000   Number         0  qnan.o ABSOLUTE
    ../mathlib/sqrt.c                        0x00000000   Number         0  sqrt.o ABSOLUTE
    ../mathlib/sqrt.c                        0x00000000   Number         0  sqrt_x.o ABSOLUTE
    ..\Drivers\STM32F4xx_HAL_Driver\Src\stm32f4xx_hal.c 0x00000000   Number         0  stm32f4xx_hal.o ABSOLUTE
    ..\Drivers\STM32F4xx_HAL_Driver\Src\stm32f4xx_hal_cortex.c 0x00000000   Number         0  stm32f4xx_hal_cortex.o ABSOLUTE
    ..\Drivers\STM32F4xx_HAL_Driver\Src\stm32f4xx_hal_dma.c 0x00000000   Number         0  stm32f4xx_hal_dma.o ABSOLUTE
    ..\Drivers\STM32F4xx_HAL_Driver\Src\stm32f4xx_hal_dma_ex.c 0x00000000   Number         0  stm32f4xx_hal_dma_ex.o ABSOLUTE
    ..\Drivers\STM32F4xx_HAL_Driver\Src\stm32f4xx_hal_flash.c 0x00000000   Number         0  stm32f4xx_hal_flash.o ABSOLUTE
    ..\Drivers\STM32F4xx_HAL_Driver\Src\stm32f4xx_hal_flash_ex.c 0x00000000   Number         0  stm32f4xx_hal_flash_ex.o ABSOLUTE
    ..\Drivers\STM32F4xx_HAL_Driver\Src\stm32f4xx_hal_flash_ramfunc.c 0x00000000   Number         0  stm32f4xx_hal_flash_ramfunc.o ABSOLUTE
    ..\Drivers\STM32F4xx_HAL_Driver\Src\stm32f4xx_hal_gpio.c 0x00000000   Number         0  stm32f4xx_hal_gpio.o ABSOLUTE
    ..\Drivers\STM32F4xx_HAL_Driver\Src\stm32f4xx_hal_i2c.c 0x00000000   Number         0  stm32f4xx_hal_i2c.o ABSOLUTE
    ..\Drivers\STM32F4xx_HAL_Driver\Src\stm32f4xx_hal_i2c_ex.c 0x00000000   Number         0  stm32f4xx_hal_i2c_ex.o ABSOLUTE
    ..\Drivers\STM32F4xx_HAL_Driver\Src\stm32f4xx_hal_pwr.c 0x00000000   Number         0  stm32f4xx_hal_pwr.o ABSOLUTE
    ..\Drivers\STM32F4xx_HAL_Driver\Src\stm32f4xx_hal_pwr_ex.c 0x00000000   Number         0  stm32f4xx_hal_pwr_ex.o ABSOLUTE
    ..\Drivers\STM32F4xx_HAL_Driver\Src\stm32f4xx_hal_rcc.c 0x00000000   Number         0  stm32f4xx_hal_rcc.o ABSOLUTE
    ..\Drivers\STM32F4xx_HAL_Driver\Src\stm32f4xx_hal_rcc_ex.c 0x00000000   Number         0  stm32f4xx_hal_rcc_ex.o ABSOLUTE
    ..\Drivers\STM32F4xx_HAL_Driver\Src\stm32f4xx_hal_tim.c 0x00000000   Number         0  stm32f4xx_hal_tim.o ABSOLUTE
    ..\Drivers\STM32F4xx_HAL_Driver\Src\stm32f4xx_hal_tim_ex.c 0x00000000   Number         0  stm32f4xx_hal_tim_ex.o ABSOLUTE
    ..\Drivers\STM32F4xx_HAL_Driver\Src\stm32f4xx_hal_uart.c 0x00000000   Number         0  stm32f4xx_hal_uart.o ABSOLUTE
    ..\Src\lux.c                             0x00000000   Number         0  lux.o ABSOLUTE
    ..\Src\main.c                            0x00000000   Number         0  main.o ABSOLUTE
    ..\Src\stm32f4xx_hal_msp.c               0x00000000   Number         0  stm32f4xx_hal_msp.o ABSOLUTE
    ..\Src\stm32f4xx_it.c                    0x00000000   Number         0  stm32f4xx_it.o ABSOLUTE
    ..\Src\system_stm32f4xx.c                0x00000000   Number         0  system_stm32f4xx.o ABSOLUTE
    cdcmple.s                                0x00000000   Number         0  cdcmple.o ABSOLUTE
    cdrcmple.s                               0x00000000   Number         0  cdrcmple.o ABSOLUTE
    dc.s                                     0x00000000   Number         0  dc.o ABSOLUTE
    handlers.s                               0x00000000   Number         0  handlers.o ABSOLUTE
    init.s                                   0x00000000   Number         0  init.o ABSOLUTE
    startup_stm32f446xx.s                    0x00000000   Number         0  startup_stm32f446xx.o ABSOLUTE
    RESET                                    0x08000000   Section      452  startup_stm32f446xx.o(RESET)
    .ARM.Collect$$$$00000000                 0x080001c4   Section        0  entry.o(.ARM.Collect$$$$00000000)
    .ARM.Collect$$$$00000001                 0x080001c4   Section        4  entry2.o(.ARM.Collect$$$$00000001)
    .ARM.Collect$$$$00000004                 0x080001c8   Section        4  entry5.o(.ARM.Collect$$$$00000004)
    .ARM.Collect$$$$00000008                 0x080001cc   Section        0  entry7b.o(.ARM.Collect$$$$00000008)
    .ARM.Collect$$$$0000000A                 0x080001cc   Section        0  entry8b.o(.ARM.Collect$$$$0000000A)
    .ARM.Collect$$$$0000000B                 0x080001cc   Section        8  entry9a.o(.ARM.Collect$$$$0000000B)
    .ARM.Collect$$$$0000000D                 0x080001d4   Section        0  entry10a.o(.ARM.Collect$$$$0000000D)
    .ARM.Collect$$$$0000000F                 0x080001d4   Section        0  entry11a.o(.ARM.Collect$$$$0000000F)
    .ARM.Collect$$$$00002712                 0x080001d4   Section        4  entry2.o(.ARM.Collect$$$$00002712)
    __lit__00000000                          0x080001d4   Data           4  entry2.o(.ARM.Collect$$$$00002712)
    .text                                    0x080001d8   Section       36  startup_stm32f446xx.o(.text)
    $v0                                      0x080001d8   Number         0  startup_stm32f446xx.o(.text)
    .text                                    0x080001fc   Section        0  uldiv.o(.text)
    .text                                    0x0800025e   Section        0  strlen.o(.text)
    .text                                    0x0800026c   Section        0  strtol.o(.text)
    .text                                    0x080002dc   Section        0  dadd.o(.text)
    .text                                    0x0800042a   Section        0  f2d.o(.text)
    .text                                    0x08000450   Section        0  d2f.o(.text)
    .text                                    0x08000488   Section        0  uidiv.o(.text)
    .text                                    0x080004b4   Section        0  llshl.o(.text)
    .text                                    0x080004d2   Section        0  llushr.o(.text)
    .text                                    0x080004f2   Section        0  llsshr.o(.text)
    .text                                    0x08000518   Section        0  ctype_o.o(.text)
    .text                                    0x08000520   Section        0  _strtoul.o(.text)
    .text                                    0x080005be   Section        0  iusefp.o(.text)
    .text                                    0x080005be   Section        0  fepilogue.o(.text)
    .text                                    0x0800062c   Section        0  depilogue.o(.text)
    .text                                    0x080006e6   Section        0  dmul.o(.text)
    .text                                    0x080007ca   Section        0  ddiv.o(.text)
    .text                                    0x080008a8   Section        0  dscalb.o(.text)
    .text                                    0x080008d6   Section        0  dsqrt.o(.text)
    .text                                    0x08000978   Section        0  dflti.o(.text)
    .text                                    0x0800099a   Section        0  dfixul.o(.text)
    .text                                    0x080009cc   Section       48  cdrcmple.o(.text)
    .text                                    0x080009fc   Section       36  init.o(.text)
    .text                                    0x08000a20   Section        0  _chval.o(.text)
    i.BusFault_Handler                       0x08000a3c   Section        0  stm32f4xx_it.o(i.BusFault_Handler)
    i.CalculateLux                           0x08000a3e   Section        0  lux.o(i.CalculateLux)
    i.DebugMon_Handler                       0x08000b5c   Section        0  stm32f4xx_it.o(i.DebugMon_Handler)
    i.HAL_DMA_Abort_IT                       0x08000b5e   Section        0  stm32f4xx_hal_dma.o(i.HAL_DMA_Abort_IT)
    i.HAL_GPIO_Init                          0x08000b84   Section        0  stm32f4xx_hal_gpio.o(i.HAL_GPIO_Init)
    i.HAL_GetTick                            0x08000d28   Section        0  stm32f4xx_hal.o(i.HAL_GetTick)
    i.HAL_I2C_Init                           0x08000d34   Section        0  stm32f4xx_hal_i2c.o(i.HAL_I2C_Init)
    i.HAL_I2C_Master_Receive                 0x08000e3c   Section        0  stm32f4xx_hal_i2c.o(i.HAL_I2C_Master_Receive)
    i.HAL_I2C_Master_Transmit                0x08001024   Section        0  stm32f4xx_hal_i2c.o(i.HAL_I2C_Master_Transmit)
    i.HAL_I2C_MspInit                        0x0800115c   Section        0  stm32f4xx_hal_msp.o(i.HAL_I2C_MspInit)
    i.HAL_IncTick                            0x080011a8   Section        0  stm32f4xx_hal.o(i.HAL_IncTick)
    i.HAL_Init                               0x080011b8   Section        0  stm32f4xx_hal.o(i.HAL_Init)
    i.HAL_InitTick                           0x080011ec   Section        0  stm32f4xx_hal.o(i.HAL_InitTick)
    i.HAL_MspInit                            0x08001214   Section        0  stm32f4xx_hal_msp.o(i.HAL_MspInit)
    i.HAL_NVIC_EnableIRQ                     0x0800126c   Section        0  stm32f4xx_hal_cortex.o(i.HAL_NVIC_EnableIRQ)
    i.HAL_NVIC_SetPriority                   0x08001284   Section        0  stm32f4xx_hal_cortex.o(i.HAL_NVIC_SetPriority)
    i.HAL_NVIC_SetPriorityGrouping           0x080012c4   Section        0  stm32f4xx_hal_cortex.o(i.HAL_NVIC_SetPriorityGrouping)
    i.HAL_RCC_ClockConfig                    0x080012e8   Section        0  stm32f4xx_hal_rcc.o(i.HAL_RCC_ClockConfig)
    i.HAL_RCC_GetHCLKFreq                    0x08001418   Section        0  stm32f4xx_hal_rcc.o(i.HAL_RCC_GetHCLKFreq)
    i.HAL_RCC_GetPCLK1Freq                   0x08001424   Section        0  stm32f4xx_hal_rcc.o(i.HAL_RCC_GetPCLK1Freq)
    i.HAL_RCC_GetPCLK2Freq                   0x08001444   Section        0  stm32f4xx_hal_rcc.o(i.HAL_RCC_GetPCLK2Freq)
    i.HAL_RCC_GetSysClockFreq                0x08001464   Section        0  stm32f4xx_hal_rcc_ex.o(i.HAL_RCC_GetSysClockFreq)
    i.HAL_RCC_OscConfig                      0x080014fc   Section        0  stm32f4xx_hal_rcc_ex.o(i.HAL_RCC_OscConfig)
    i.HAL_SYSTICK_CLKSourceConfig            0x08001808   Section        0  stm32f4xx_hal_cortex.o(i.HAL_SYSTICK_CLKSourceConfig)
    i.HAL_SYSTICK_Callback                   0x08001820   Section        0  stm32f4xx_hal_cortex.o(i.HAL_SYSTICK_Callback)
    i.HAL_SYSTICK_Config                     0x08001822   Section        0  stm32f4xx_hal_cortex.o(i.HAL_SYSTICK_Config)
    i.HAL_SYSTICK_IRQHandler                 0x0800184a   Section        0  stm32f4xx_hal_cortex.o(i.HAL_SYSTICK_IRQHandler)
    i.HAL_UART_ErrorCallback                 0x08001852   Section        0  stm32f4xx_hal_uart.o(i.HAL_UART_ErrorCallback)
    i.HAL_UART_IRQHandler                    0x08001854   Section        0  stm32f4xx_hal_uart.o(i.HAL_UART_IRQHandler)
    i.HAL_UART_Init                          0x08001964   Section        0  stm32f4xx_hal_uart.o(i.HAL_UART_Init)
    i.HAL_UART_MspInit                       0x080019c8   Section        0  stm32f4xx_hal_msp.o(i.HAL_UART_MspInit)
    i.HAL_UART_Receive_IT                    0x08001a24   Section        0  stm32f4xx_hal_uart.o(i.HAL_UART_Receive_IT)
    i.HAL_UART_RxCpltCallback                0x08001a6c   Section        0  main.o(i.HAL_UART_RxCpltCallback)
    i.HAL_UART_Transmit_IT                   0x08001aa0   Section        0  stm32f4xx_hal_uart.o(i.HAL_UART_Transmit_IT)
    i.HAL_UART_TxCpltCallback                0x08001ae0   Section        0  main.o(i.HAL_UART_TxCpltCallback)
    i.HardFault_Handler                      0x08001b24   Section        0  stm32f4xx_it.o(i.HardFault_Handler)
    i.I2C_IsAcknowledgeFailed                0x08001b26   Section        0  stm32f4xx_hal_i2c.o(i.I2C_IsAcknowledgeFailed)
    I2C_IsAcknowledgeFailed                  0x08001b27   Thumb Code    40  stm32f4xx_hal_i2c.o(i.I2C_IsAcknowledgeFailed)
    i.I2C_MasterRequestRead                  0x08001b4e   Section        0  stm32f4xx_hal_i2c.o(i.I2C_MasterRequestRead)
    I2C_MasterRequestRead                    0x08001b4f   Thumb Code   222  stm32f4xx_hal_i2c.o(i.I2C_MasterRequestRead)
    i.I2C_MasterRequestWrite                 0x08001c2c   Section        0  stm32f4xx_hal_i2c.o(i.I2C_MasterRequestWrite)
    I2C_MasterRequestWrite                   0x08001c2d   Thumb Code   142  stm32f4xx_hal_i2c.o(i.I2C_MasterRequestWrite)
    i.I2C_WaitOnBTFFlagUntilTimeout          0x08001cc0   Section        0  stm32f4xx_hal_i2c.o(i.I2C_WaitOnBTFFlagUntilTimeout)
    I2C_WaitOnBTFFlagUntilTimeout            0x08001cc1   Thumb Code    78  stm32f4xx_hal_i2c.o(i.I2C_WaitOnBTFFlagUntilTimeout)
    i.I2C_WaitOnFlagUntilTimeout             0x08001d0e   Section        0  stm32f4xx_hal_i2c.o(i.I2C_WaitOnFlagUntilTimeout)
    I2C_WaitOnFlagUntilTimeout               0x08001d0f   Thumb Code    96  stm32f4xx_hal_i2c.o(i.I2C_WaitOnFlagUntilTimeout)
    i.I2C_WaitOnMasterAddressFlagUntilTimeout 0x08001d70   Section        0  stm32f4xx_hal_i2c.o(i.I2C_WaitOnMasterAddressFlagUntilTimeout)
    I2C_WaitOnMasterAddressFlagUntilTimeout  0x08001d71   Thumb Code   136  stm32f4xx_hal_i2c.o(i.I2C_WaitOnMasterAddressFlagUntilTimeout)
    i.I2C_WaitOnRXNEFlagUntilTimeout         0x08001df8   Section        0  stm32f4xx_hal_i2c.o(i.I2C_WaitOnRXNEFlagUntilTimeout)
    I2C_WaitOnRXNEFlagUntilTimeout           0x08001df9   Thumb Code    98  stm32f4xx_hal_i2c.o(i.I2C_WaitOnRXNEFlagUntilTimeout)
    i.I2C_WaitOnTXEFlagUntilTimeout          0x08001e5a   Section        0  stm32f4xx_hal_i2c.o(i.I2C_WaitOnTXEFlagUntilTimeout)
    I2C_WaitOnTXEFlagUntilTimeout            0x08001e5b   Thumb Code    78  stm32f4xx_hal_i2c.o(i.I2C_WaitOnTXEFlagUntilTimeout)
    i.MX_I2C1_Init                           0x08001ea8   Section        0  main.o(i.MX_I2C1_Init)
    MX_I2C1_Init                             0x08001ea9   Thumb Code    44  main.o(i.MX_I2C1_Init)
    i.MemManage_Handler                      0x08001ee0   Section        0  stm32f4xx_it.o(i.MemManage_Handler)
    i.NMI_Handler                            0x08001ee2   Section        0  stm32f4xx_it.o(i.NMI_Handler)
    i.NVIC_SetPriority                       0x08001ee4   Section        0  stm32f4xx_hal_cortex.o(i.NVIC_SetPriority)
    NVIC_SetPriority                         0x08001ee5   Thumb Code    32  stm32f4xx_hal_cortex.o(i.NVIC_SetPriority)
    i.PendSV_Handler                         0x08001f04   Section        0  stm32f4xx_it.o(i.PendSV_Handler)
    i.RxBufferGetChar                        0x08001f08   Section        0  main.o(i.RxBufferGetChar)
    i.SVC_Handler                            0x08001f34   Section        0  stm32f4xx_it.o(i.SVC_Handler)
    i.SysTick_Handler                        0x08001f36   Section        0  stm32f4xx_it.o(i.SysTick_Handler)
    i.SystemClock_Config                     0x08001f44   Section        0  main.o(i.SystemClock_Config)
    i.SystemInit                             0x08001fd0   Section        0  system_stm32f4xx.o(i.SystemInit)
    i.TxBufferPutChar                        0x08002024   Section        0  main.o(i.TxBufferPutChar)
    i.UART_DMAAbortOnError                   0x08002050   Section        0  stm32f4xx_hal_uart.o(i.UART_DMAAbortOnError)
    UART_DMAAbortOnError                     0x08002051   Thumb Code    16  stm32f4xx_hal_uart.o(i.UART_DMAAbortOnError)
    i.UART_EndRxTransfer                     0x08002060   Section        0  stm32f4xx_hal_uart.o(i.UART_EndRxTransfer)
    UART_EndRxTransfer                       0x08002061   Thumb Code    28  stm32f4xx_hal_uart.o(i.UART_EndRxTransfer)
    i.UART_Receive_IT                        0x0800207c   Section        0  stm32f4xx_hal_uart.o(i.UART_Receive_IT)
    UART_Receive_IT                          0x0800207d   Thumb Code   140  stm32f4xx_hal_uart.o(i.UART_Receive_IT)
    i.UART_SetConfig                         0x08002108   Section        0  stm32f4xx_hal_uart.o(i.UART_SetConfig)
    UART_SetConfig                           0x08002109   Thumb Code   676  stm32f4xx_hal_uart.o(i.UART_SetConfig)
    i.UART_Transmit_IT                       0x080023b4   Section        0  stm32f4xx_hal_uart.o(i.UART_Transmit_IT)
    UART_Transmit_IT                         0x080023b5   Thumb Code    98  stm32f4xx_hal_uart.o(i.UART_Transmit_IT)
    i.USART2_IRQHandler                      0x08002418   Section        0  stm32f4xx_it.o(i.USART2_IRQHandler)
    i.UsageFault_Handler                     0x08002424   Section        0  stm32f4xx_it.o(i.UsageFault_Handler)
    i.__0sprintf                             0x08002428   Section        0  printfa.o(i.__0sprintf)
    i.__ARM_fpclassify                       0x08002450   Section        0  fpclassify.o(i.__ARM_fpclassify)
    i.__aeabi_errno_addr                     0x08002480   Section        0  errno.o(i.__aeabi_errno_addr)
    i.__hardfp_pow                           0x08002488   Section        0  pow.o(i.__hardfp_pow)
    i.__hardfp_sqrt                          0x080030d8   Section        0  sqrt.o(i.__hardfp_sqrt)
    i.__kernel_poly                          0x08003152   Section        0  poly.o(i.__kernel_poly)
    i.__mathlib_dbl_divzero                  0x08003250   Section        0  dunder.o(i.__mathlib_dbl_divzero)
    i.__mathlib_dbl_infnan2                  0x08003280   Section        0  dunder.o(i.__mathlib_dbl_infnan2)
    i.__mathlib_dbl_invalid                  0x08003298   Section        0  dunder.o(i.__mathlib_dbl_invalid)
    i.__mathlib_dbl_overflow                 0x080032b8   Section        0  dunder.o(i.__mathlib_dbl_overflow)
    i.__mathlib_dbl_underflow                0x080032d8   Section        0  dunder.o(i.__mathlib_dbl_underflow)
    i.__scatterload_copy                     0x080032f8   Section       14  handlers.o(i.__scatterload_copy)
    i.__scatterload_null                     0x08003306   Section        2  handlers.o(i.__scatterload_null)
    i.__scatterload_zeroinit                 0x08003308   Section       14  handlers.o(i.__scatterload_zeroinit)
    i.__set_errno                            0x08003318   Section        0  errno.o(i.__set_errno)
    i._fp_digits                             0x08003324   Section        0  printfa.o(i._fp_digits)
    _fp_digits                               0x08003325   Thumb Code   366  printfa.o(i._fp_digits)
    i._printf_core                           0x080034a8   Section        0  printfa.o(i._printf_core)
    _printf_core                             0x080034a9   Thumb Code  1744  printfa.o(i._printf_core)
    i._printf_post_padding                   0x08003b84   Section        0  printfa.o(i._printf_post_padding)
    _printf_post_padding                     0x08003b85   Thumb Code    36  printfa.o(i._printf_post_padding)
    i._printf_pre_padding                    0x08003ba8   Section        0  printfa.o(i._printf_pre_padding)
    _printf_pre_padding                      0x08003ba9   Thumb Code    46  printfa.o(i._printf_pre_padding)
    i._sputc                                 0x08003bd6   Section        0  printfa.o(i._sputc)
    _sputc                                   0x08003bd7   Thumb Code    10  printfa.o(i._sputc)
    i.addToCommandQueue                      0x08003be0   Section        0  main.o(i.addToCommandQueue)
    i.addToTx                                0x08003c5c   Section        0  main.o(i.addToTx)
    i.checkCommand                           0x08003cc4   Section        0  main.o(i.checkCommand)
    i.digit_to_int                           0x08003d1c   Section        0  main.o(i.digit_to_int)
    i.executeCommand                         0x08003d38   Section        0  main.o(i.executeCommand)
    i.fabs                                   0x08003e4c   Section        0  fabs.o(i.fabs)
    i.free                                   0x08003e64   Section        0  malloc.o(i.free)
    i.getLux                                 0x08003eb4   Section        0  main.o(i.getLux)
    i.getMean                                0x08003f30   Section        0  main.o(i.getMean)
    i.getSD                                  0x08003f9c   Section        0  main.o(i.getSD)
    i.grabCommand                            0x080040c8   Section        0  main.o(i.grabCommand)
    i.main                                   0x08004104   Section        0  main.o(i.main)
    i.malloc                                 0x0800431c   Section        0  malloc.o(i.malloc)
    i.powerDownSensor                        0x08004388   Section        0  main.o(i.powerDownSensor)
    i.powerUpSensor                          0x080043a4   Section        0  main.o(i.powerUpSensor)
    i.processCommand                         0x080043c0   Section        0  main.o(i.processCommand)
    i.sqrt                                   0x080043f8   Section        0  sqrt.o(i.sqrt)
    .constdata                               0x08004466   Section       16  system_stm32f4xx.o(.constdata)
    .constdata                               0x08004476   Section        8  system_stm32f4xx.o(.constdata)
    .constdata                               0x08004480   Section      136  pow.o(.constdata)
    bp                                       0x08004480   Data          16  pow.o(.constdata)
    dp_h                                     0x08004490   Data          16  pow.o(.constdata)
    dp_l                                     0x080044a0   Data          16  pow.o(.constdata)
    L                                        0x080044b0   Data          48  pow.o(.constdata)
    P                                        0x080044e0   Data          40  pow.o(.constdata)
    .constdata                               0x08004508   Section        8  qnan.o(.constdata)
    .constdata                               0x08004510   Section      129  ctype_o.o(.constdata)
    .constdata                               0x08004594   Section        4  ctype_o.o(.constdata)
    table                                    0x08004594   Data           4  ctype_o.o(.constdata)
    .data                                    0x20000000   Section       87  main.o(.data)
    .data                                    0x20000058   Section        4  stm32f4xx_hal.o(.data)
    .data                                    0x2000005c   Section        4  system_stm32f4xx.o(.data)
    .data                                    0x20000060   Section        4  mvars.o(.data)
    .data                                    0x20000064   Section        4  mvars.o(.data)
    .data                                    0x20000068   Section        4  errno.o(.data)
    _errno                                   0x20000068   Data           4  errno.o(.data)
    .bss                                     0x2000006c   Section     6332  main.o(.bss)
    HEAP                                     0x20001928   Section      512  startup_stm32f446xx.o(HEAP)
    STACK                                    0x20001b28   Section     1024  startup_stm32f446xx.o(STACK)

    Global Symbols

    Symbol Name                              Value     Ov Type        Size  Object(Section)

    BuildAttributes$$THM_ISAv4$E$P$D$K$B$S$7EM$VFPi3$EXTD16$VFPS$VFMA$PE$A:L22UL41UL21$X:L11$S22US41US21$IEEE1$IW$USESV6$~STKCKD$USESV7$~SHL$OTIME$ROPI$IEEEX$EBA8$MICROLIB$REQ8$PRES8$EABIv2 0x00000000   Number         0  anon$$obj.o ABSOLUTE
    __ARM_use_no_argv                        0x00000000   Number         0  main.o ABSOLUTE
    _printf_a                                0x00000000   Number         0  stubs.o ABSOLUTE
    _printf_c                                0x00000000   Number         0  stubs.o ABSOLUTE
    _printf_charcount                        0x00000000   Number         0  stubs.o ABSOLUTE
    _printf_d                                0x00000000   Number         0  stubs.o ABSOLUTE
    _printf_e                                0x00000000   Number         0  stubs.o ABSOLUTE
    _printf_f                                0x00000000   Number         0  stubs.o ABSOLUTE
    _printf_flags                            0x00000000   Number         0  stubs.o ABSOLUTE
    _printf_fp_dec                           0x00000000   Number         0  stubs.o ABSOLUTE
    _printf_fp_hex                           0x00000000   Number         0  stubs.o ABSOLUTE
    _printf_g                                0x00000000   Number         0  stubs.o ABSOLUTE
    _printf_i                                0x00000000   Number         0  stubs.o ABSOLUTE
    _printf_int_dec                          0x00000000   Number         0  stubs.o ABSOLUTE
    _printf_l                                0x00000000   Number         0  stubs.o ABSOLUTE
    _printf_lc                               0x00000000   Number         0  stubs.o ABSOLUTE
    _printf_ll                               0x00000000   Number         0  stubs.o ABSOLUTE
    _printf_lld                              0x00000000   Number         0  stubs.o ABSOLUTE
    _printf_lli                              0x00000000   Number         0  stubs.o ABSOLUTE
    _printf_llo                              0x00000000   Number         0  stubs.o ABSOLUTE
    _printf_llu                              0x00000000   Number         0  stubs.o ABSOLUTE
    _printf_llx                              0x00000000   Number         0  stubs.o ABSOLUTE
    _printf_longlong_dec                     0x00000000   Number         0  stubs.o ABSOLUTE
    _printf_longlong_hex                     0x00000000   Number         0  stubs.o ABSOLUTE
    _printf_longlong_oct                     0x00000000   Number         0  stubs.o ABSOLUTE
    _printf_ls                               0x00000000   Number         0  stubs.o ABSOLUTE
    _printf_mbtowc                           0x00000000   Number         0  stubs.o ABSOLUTE
    _printf_n                                0x00000000   Number         0  stubs.o ABSOLUTE
    _printf_o                                0x00000000   Number         0  stubs.o ABSOLUTE
    _printf_p                                0x00000000   Number         0  stubs.o ABSOLUTE
    _printf_percent                          0x00000000   Number         0  stubs.o ABSOLUTE
    _printf_pre_padding                      0x00000000   Number         0  stubs.o ABSOLUTE
    _printf_return_value                     0x00000000   Number         0  stubs.o ABSOLUTE
    _printf_s                                0x00000000   Number         0  stubs.o ABSOLUTE
    _printf_sizespec                         0x00000000   Number         0  stubs.o ABSOLUTE
    _printf_str                              0x00000000   Number         0  stubs.o ABSOLUTE
    _printf_truncate_signed                  0x00000000   Number         0  stubs.o ABSOLUTE
    _printf_truncate_unsigned                0x00000000   Number         0  stubs.o ABSOLUTE
    _printf_u                                0x00000000   Number         0  stubs.o ABSOLUTE
    _printf_wc                               0x00000000   Number         0  stubs.o ABSOLUTE
    _printf_wctomb                           0x00000000   Number         0  stubs.o ABSOLUTE
    _printf_widthprec                        0x00000000   Number         0  stubs.o ABSOLUTE
    _printf_x                                0x00000000   Number         0  stubs.o ABSOLUTE
    __cpp_initialize__aeabi_                  - Undefined Weak Reference
    __cxa_finalize                            - Undefined Weak Reference
    __decompress                              - Undefined Weak Reference
    _clock_init                               - Undefined Weak Reference
    _microlib_exit                            - Undefined Weak Reference
    __Vectors_Size                           0x000001c4   Number         0  startup_stm32f446xx.o ABSOLUTE
    __Vectors                                0x08000000   Data           4  startup_stm32f446xx.o(RESET)
    __Vectors_End                            0x080001c4   Data           0  startup_stm32f446xx.o(RESET)
    __main                                   0x080001c5   Thumb Code     0  entry.o(.ARM.Collect$$$$00000000)
    _main_stk                                0x080001c5   Thumb Code     0  entry2.o(.ARM.Collect$$$$00000001)
    _main_scatterload                        0x080001c9   Thumb Code     0  entry5.o(.ARM.Collect$$$$00000004)
    __main_after_scatterload                 0x080001cd   Thumb Code     0  entry5.o(.ARM.Collect$$$$00000004)
    _main_clock                              0x080001cd   Thumb Code     0  entry7b.o(.ARM.Collect$$$$00000008)
    _main_cpp_init                           0x080001cd   Thumb Code     0  entry8b.o(.ARM.Collect$$$$0000000A)
    _main_init                               0x080001cd   Thumb Code     0  entry9a.o(.ARM.Collect$$$$0000000B)
    __rt_final_cpp                           0x080001d5   Thumb Code     0  entry10a.o(.ARM.Collect$$$$0000000D)
    __rt_final_exit                          0x080001d5   Thumb Code     0  entry11a.o(.ARM.Collect$$$$0000000F)
    Reset_Handler                            0x080001d9   Thumb Code     8  startup_stm32f446xx.o(.text)
    ADC_IRQHandler                           0x080001f3   Thumb Code     0  startup_stm32f446xx.o(.text)
    CAN1_RX0_IRQHandler                      0x080001f3   Thumb Code     0  startup_stm32f446xx.o(.text)
    CAN1_RX1_IRQHandler                      0x080001f3   Thumb Code     0  startup_stm32f446xx.o(.text)
    CAN1_SCE_IRQHandler                      0x080001f3   Thumb Code     0  startup_stm32f446xx.o(.text)
    CAN1_TX_IRQHandler                       0x080001f3   Thumb Code     0  startup_stm32f446xx.o(.text)
    CAN2_RX0_IRQHandler                      0x080001f3   Thumb Code     0  startup_stm32f446xx.o(.text)
    CAN2_RX1_IRQHandler                      0x080001f3   Thumb Code     0  startup_stm32f446xx.o(.text)
    CAN2_SCE_IRQHandler                      0x080001f3   Thumb Code     0  startup_stm32f446xx.o(.text)
    CAN2_TX_IRQHandler                       0x080001f3   Thumb Code     0  startup_stm32f446xx.o(.text)
    CEC_IRQHandler                           0x080001f3   Thumb Code     0  startup_stm32f446xx.o(.text)
    DCMI_IRQHandler                          0x080001f3   Thumb Code     0  startup_stm32f446xx.o(.text)
    DMA1_Stream0_IRQHandler                  0x080001f3   Thumb Code     0  startup_stm32f446xx.o(.text)
    DMA1_Stream1_IRQHandler                  0x080001f3   Thumb Code     0  startup_stm32f446xx.o(.text)
    DMA1_Stream2_IRQHandler                  0x080001f3   Thumb Code     0  startup_stm32f446xx.o(.text)
    DMA1_Stream3_IRQHandler                  0x080001f3   Thumb Code     0  startup_stm32f446xx.o(.text)
    DMA1_Stream4_IRQHandler                  0x080001f3   Thumb Code     0  startup_stm32f446xx.o(.text)
    DMA1_Stream5_IRQHandler                  0x080001f3   Thumb Code     0  startup_stm32f446xx.o(.text)
    DMA1_Stream6_IRQHandler                  0x080001f3   Thumb Code     0  startup_stm32f446xx.o(.text)
    DMA1_Stream7_IRQHandler                  0x080001f3   Thumb Code     0  startup_stm32f446xx.o(.text)
    DMA2_Stream0_IRQHandler                  0x080001f3   Thumb Code     0  startup_stm32f446xx.o(.text)
    DMA2_Stream1_IRQHandler                  0x080001f3   Thumb Code     0  startup_stm32f446xx.o(.text)
    DMA2_Stream2_IRQHandler                  0x080001f3   Thumb Code     0  startup_stm32f446xx.o(.text)
    DMA2_Stream3_IRQHandler                  0x080001f3   Thumb Code     0  startup_stm32f446xx.o(.text)
    DMA2_Stream4_IRQHandler                  0x080001f3   Thumb Code     0  startup_stm32f446xx.o(.text)
    DMA2_Stream5_IRQHandler                  0x080001f3   Thumb Code     0  startup_stm32f446xx.o(.text)
    DMA2_Stream6_IRQHandler                  0x080001f3   Thumb Code     0  startup_stm32f446xx.o(.text)
    DMA2_Stream7_IRQHandler                  0x080001f3   Thumb Code     0  startup_stm32f446xx.o(.text)
    EXTI0_IRQHandler                         0x080001f3   Thumb Code     0  startup_stm32f446xx.o(.text)
    EXTI15_10_IRQHandler                     0x080001f3   Thumb Code     0  startup_stm32f446xx.o(.text)
    EXTI1_IRQHandler                         0x080001f3   Thumb Code     0  startup_stm32f446xx.o(.text)
    EXTI2_IRQHandler                         0x080001f3   Thumb Code     0  startup_stm32f446xx.o(.text)
    EXTI3_IRQHandler                         0x080001f3   Thumb Code     0  startup_stm32f446xx.o(.text)
    EXTI4_IRQHandler                         0x080001f3   Thumb Code     0  startup_stm32f446xx.o(.text)
    EXTI9_5_IRQHandler                       0x080001f3   Thumb Code     0  startup_stm32f446xx.o(.text)
    FLASH_IRQHandler                         0x080001f3   Thumb Code     0  startup_stm32f446xx.o(.text)
    FMC_IRQHandler                           0x080001f3   Thumb Code     0  startup_stm32f446xx.o(.text)
    FPU_IRQHandler                           0x080001f3   Thumb Code     0  startup_stm32f446xx.o(.text)
    I2C1_ER_IRQHandler                       0x080001f3   Thumb Code     0  startup_stm32f446xx.o(.text)
    I2C1_EV_IRQHandler                       0x080001f3   Thumb Code     0  startup_stm32f446xx.o(.text)
    I2C2_ER_IRQHandler                       0x080001f3   Thumb Code     0  startup_stm32f446xx.o(.text)
    I2C2_EV_IRQHandler                       0x080001f3   Thumb Code     0  startup_stm32f446xx.o(.text)
    I2C3_ER_IRQHandler                       0x080001f3   Thumb Code     0  startup_stm32f446xx.o(.text)
    I2C3_EV_IRQHandler                       0x080001f3   Thumb Code     0  startup_stm32f446xx.o(.text)
    I2C4_Error_IRQHandler                    0x080001f3   Thumb Code     0  startup_stm32f446xx.o(.text)
    I2C4_Event_IRQHandler                    0x080001f3   Thumb Code     0  startup_stm32f446xx.o(.text)
    OTG_FS_IRQHandler                        0x080001f3   Thumb Code     0  startup_stm32f446xx.o(.text)
    OTG_FS_WKUP_IRQHandler                   0x080001f3   Thumb Code     0  startup_stm32f446xx.o(.text)
    OTG_HS_EP1_IN_IRQHandler                 0x080001f3   Thumb Code     0  startup_stm32f446xx.o(.text)
    OTG_HS_EP1_OUT_IRQHandler                0x080001f3   Thumb Code     0  startup_stm32f446xx.o(.text)
    OTG_HS_IRQHandler                        0x080001f3   Thumb Code     0  startup_stm32f446xx.o(.text)
    OTG_HS_WKUP_IRQHandler                   0x080001f3   Thumb Code     0  startup_stm32f446xx.o(.text)
    PVD_IRQHandler                           0x080001f3   Thumb Code     0  startup_stm32f446xx.o(.text)
    QUADSPI_IRQHandler                       0x080001f3   Thumb Code     0  startup_stm32f446xx.o(.text)
    RCC_IRQHandler                           0x080001f3   Thumb Code     0  startup_stm32f446xx.o(.text)
    RTC_Alarm_IRQHandler                     0x080001f3   Thumb Code     0  startup_stm32f446xx.o(.text)
    RTC_WKUP_IRQHandler                      0x080001f3   Thumb Code     0  startup_stm32f446xx.o(.text)
    SAI1_IRQHandler                          0x080001f3   Thumb Code     0  startup_stm32f446xx.o(.text)
    SAI2_IRQHandler                          0x080001f3   Thumb Code     0  startup_stm32f446xx.o(.text)
    SDIO_IRQHandler                          0x080001f3   Thumb Code     0  startup_stm32f446xx.o(.text)
    SPDIF_RX_IRQHandler                      0x080001f3   Thumb Code     0  startup_stm32f446xx.o(.text)
    SPI1_IRQHandler                          0x080001f3   Thumb Code     0  startup_stm32f446xx.o(.text)
    SPI2_IRQHandler                          0x080001f3   Thumb Code     0  startup_stm32f446xx.o(.text)
    SPI3_IRQHandler                          0x080001f3   Thumb Code     0  startup_stm32f446xx.o(.text)
    SPI4_IRQHandler                          0x080001f3   Thumb Code     0  startup_stm32f446xx.o(.text)
    TAMP_STAMP_IRQHandler                    0x080001f3   Thumb Code     0  startup_stm32f446xx.o(.text)
    TIM1_BRK_TIM9_IRQHandler                 0x080001f3   Thumb Code     0  startup_stm32f446xx.o(.text)
    TIM1_CC_IRQHandler                       0x080001f3   Thumb Code     0  startup_stm32f446xx.o(.text)
    TIM1_TRG_COM_TIM11_IRQHandler            0x080001f3   Thumb Code     0  startup_stm32f446xx.o(.text)
    TIM1_UP_TIM10_IRQHandler                 0x080001f3   Thumb Code     0  startup_stm32f446xx.o(.text)
    TIM2_IRQHandler                          0x080001f3   Thumb Code     0  startup_stm32f446xx.o(.text)
    TIM3_IRQHandler                          0x080001f3   Thumb Code     0  startup_stm32f446xx.o(.text)
    TIM4_IRQHandler                          0x080001f3   Thumb Code     0  startup_stm32f446xx.o(.text)
    TIM5_IRQHandler                          0x080001f3   Thumb Code     0  startup_stm32f446xx.o(.text)
    TIM6_DAC_IRQHandler                      0x080001f3   Thumb Code     0  startup_stm32f446xx.o(.text)
    TIM7_IRQHandler                          0x080001f3   Thumb Code     0  startup_stm32f446xx.o(.text)
    TIM8_BRK_TIM12_IRQHandler                0x080001f3   Thumb Code     0  startup_stm32f446xx.o(.text)
    TIM8_CC_IRQHandler                       0x080001f3   Thumb Code     0  startup_stm32f446xx.o(.text)
    TIM8_TRG_COM_TIM14_IRQHandler            0x080001f3   Thumb Code     0  startup_stm32f446xx.o(.text)
    TIM8_UP_TIM13_IRQHandler                 0x080001f3   Thumb Code     0  startup_stm32f446xx.o(.text)
    UART4_IRQHandler                         0x080001f3   Thumb Code     0  startup_stm32f446xx.o(.text)
    UART5_IRQHandler                         0x080001f3   Thumb Code     0  startup_stm32f446xx.o(.text)
    USART1_IRQHandler                        0x080001f3   Thumb Code     0  startup_stm32f446xx.o(.text)
    USART3_IRQHandler                        0x080001f3   Thumb Code     0  startup_stm32f446xx.o(.text)
    USART6_IRQHandler                        0x080001f3   Thumb Code     0  startup_stm32f446xx.o(.text)
    WWDG_IRQHandler                          0x080001f3   Thumb Code     0  startup_stm32f446xx.o(.text)
    __aeabi_uldivmod                         0x080001fd   Thumb Code    98  uldiv.o(.text)
    strlen                                   0x0800025f   Thumb Code    14  strlen.o(.text)
    strtol                                   0x0800026d   Thumb Code   112  strtol.o(.text)
    __aeabi_dadd                             0x080002dd   Thumb Code   322  dadd.o(.text)
    __aeabi_dsub                             0x0800041f   Thumb Code     6  dadd.o(.text)
    __aeabi_drsub                            0x08000425   Thumb Code     6  dadd.o(.text)
    __aeabi_f2d                              0x0800042b   Thumb Code    38  f2d.o(.text)
    __aeabi_d2f                              0x08000451   Thumb Code    56  d2f.o(.text)
    __aeabi_uidiv                            0x08000489   Thumb Code     0  uidiv.o(.text)
    __aeabi_uidivmod                         0x08000489   Thumb Code    44  uidiv.o(.text)
    __aeabi_llsl                             0x080004b5   Thumb Code    30  llshl.o(.text)
    _ll_shift_l                              0x080004b5   Thumb Code     0  llshl.o(.text)
    __aeabi_llsr                             0x080004d3   Thumb Code    32  llushr.o(.text)
    _ll_ushift_r                             0x080004d3   Thumb Code     0  llushr.o(.text)
    __aeabi_lasr                             0x080004f3   Thumb Code    36  llsshr.o(.text)
    _ll_sshift_r                             0x080004f3   Thumb Code     0  llsshr.o(.text)
    __rt_ctype_table                         0x08000519   Thumb Code     4  ctype_o.o(.text)
    _strtoul                                 0x08000521   Thumb Code   158  _strtoul.o(.text)
    __I$use$fp                               0x080005bf   Thumb Code     0  iusefp.o(.text)
    _float_round                             0x080005bf   Thumb Code    18  fepilogue.o(.text)
    _float_epilogue                          0x080005d1   Thumb Code    92  fepilogue.o(.text)
    _double_round                            0x0800062d   Thumb Code    30  depilogue.o(.text)
    _double_epilogue                         0x0800064b   Thumb Code   156  depilogue.o(.text)
    __aeabi_dmul                             0x080006e7   Thumb Code   228  dmul.o(.text)
    __aeabi_ddiv                             0x080007cb   Thumb Code   222  ddiv.o(.text)
    __ARM_scalbn                             0x080008a9   Thumb Code    46  dscalb.o(.text)
    scalbn                                   0x080008a9   Thumb Code     0  dscalb.o(.text)
    _dsqrt                                   0x080008d7   Thumb Code   162  dsqrt.o(.text)
    __aeabi_i2d                              0x08000979   Thumb Code    34  dflti.o(.text)
    __aeabi_d2ulz                            0x0800099b   Thumb Code    48  dfixul.o(.text)
    __aeabi_cdrcmple                         0x080009cd   Thumb Code    48  cdrcmple.o(.text)
    __scatterload                            0x080009fd   Thumb Code    28  init.o(.text)
    __scatterload_rt2                        0x080009fd   Thumb Code     0  init.o(.text)
    _chval                                   0x08000a21   Thumb Code    28  _chval.o(.text)
    BusFault_Handler                         0x08000a3d   Thumb Code     2  stm32f4xx_it.o(i.BusFault_Handler)
    CalculateLux                             0x08000a3f   Thumb Code   286  lux.o(i.CalculateLux)
    DebugMon_Handler                         0x08000b5d   Thumb Code     2  stm32f4xx_it.o(i.DebugMon_Handler)
    HAL_DMA_Abort_IT                         0x08000b5f   Thumb Code    36  stm32f4xx_hal_dma.o(i.HAL_DMA_Abort_IT)
    HAL_GPIO_Init                            0x08000b85   Thumb Code   378  stm32f4xx_hal_gpio.o(i.HAL_GPIO_Init)
    HAL_GetTick                              0x08000d29   Thumb Code     6  stm32f4xx_hal.o(i.HAL_GetTick)
    HAL_I2C_Init                             0x08000d35   Thumb Code   254  stm32f4xx_hal_i2c.o(i.HAL_I2C_Init)
    HAL_I2C_Master_Receive                   0x08000e3d   Thumb Code   474  stm32f4xx_hal_i2c.o(i.HAL_I2C_Master_Receive)
    HAL_I2C_Master_Transmit                  0x08001025   Thumb Code   304  stm32f4xx_hal_i2c.o(i.HAL_I2C_Master_Transmit)
    HAL_I2C_MspInit                          0x0800115d   Thumb Code    62  stm32f4xx_hal_msp.o(i.HAL_I2C_MspInit)
    HAL_IncTick                              0x080011a9   Thumb Code    10  stm32f4xx_hal.o(i.HAL_IncTick)
    HAL_Init                                 0x080011b9   Thumb Code    48  stm32f4xx_hal.o(i.HAL_Init)
    HAL_InitTick                             0x080011ed   Thumb Code    34  stm32f4xx_hal.o(i.HAL_InitTick)
    HAL_MspInit                              0x08001215   Thumb Code    88  stm32f4xx_hal_msp.o(i.HAL_MspInit)
    HAL_NVIC_EnableIRQ                       0x0800126d   Thumb Code    22  stm32f4xx_hal_cortex.o(i.HAL_NVIC_EnableIRQ)
    HAL_NVIC_SetPriority                     0x08001285   Thumb Code    60  stm32f4xx_hal_cortex.o(i.HAL_NVIC_SetPriority)
    HAL_NVIC_SetPriorityGrouping             0x080012c5   Thumb Code    26  stm32f4xx_hal_cortex.o(i.HAL_NVIC_SetPriorityGrouping)
    HAL_RCC_ClockConfig                      0x080012e9   Thumb Code   286  stm32f4xx_hal_rcc.o(i.HAL_RCC_ClockConfig)
    HAL_RCC_GetHCLKFreq                      0x08001419   Thumb Code     6  stm32f4xx_hal_rcc.o(i.HAL_RCC_GetHCLKFreq)
    HAL_RCC_GetPCLK1Freq                     0x08001425   Thumb Code    20  stm32f4xx_hal_rcc.o(i.HAL_RCC_GetPCLK1Freq)
    HAL_RCC_GetPCLK2Freq                     0x08001445   Thumb Code    20  stm32f4xx_hal_rcc.o(i.HAL_RCC_GetPCLK2Freq)
    HAL_RCC_GetSysClockFreq                  0x08001465   Thumb Code   140  stm32f4xx_hal_rcc_ex.o(i.HAL_RCC_GetSysClockFreq)
    HAL_RCC_OscConfig                        0x080014fd   Thumb Code   758  stm32f4xx_hal_rcc_ex.o(i.HAL_RCC_OscConfig)
    HAL_SYSTICK_CLKSourceConfig              0x08001809   Thumb Code    24  stm32f4xx_hal_cortex.o(i.HAL_SYSTICK_CLKSourceConfig)
    HAL_SYSTICK_Callback                     0x08001821   Thumb Code     2  stm32f4xx_hal_cortex.o(i.HAL_SYSTICK_Callback)
    HAL_SYSTICK_Config                       0x08001823   Thumb Code    40  stm32f4xx_hal_cortex.o(i.HAL_SYSTICK_Config)
    HAL_SYSTICK_IRQHandler                   0x0800184b   Thumb Code     8  stm32f4xx_hal_cortex.o(i.HAL_SYSTICK_IRQHandler)
    HAL_UART_ErrorCallback                   0x08001853   Thumb Code     2  stm32f4xx_hal_uart.o(i.HAL_UART_ErrorCallback)
    HAL_UART_IRQHandler                      0x08001855   Thumb Code   266  stm32f4xx_hal_uart.o(i.HAL_UART_IRQHandler)
    HAL_UART_Init                            0x08001965   Thumb Code    98  stm32f4xx_hal_uart.o(i.HAL_UART_Init)
    HAL_UART_MspInit                         0x080019c9   Thumb Code    78  stm32f4xx_hal_msp.o(i.HAL_UART_MspInit)
    HAL_UART_Receive_IT                      0x08001a25   Thumb Code    72  stm32f4xx_hal_uart.o(i.HAL_UART_Receive_IT)
    HAL_UART_RxCpltCallback                  0x08001a6d   Thumb Code    42  main.o(i.HAL_UART_RxCpltCallback)
    HAL_UART_Transmit_IT                     0x08001aa1   Thumb Code    62  stm32f4xx_hal_uart.o(i.HAL_UART_Transmit_IT)
    HAL_UART_TxCpltCallback                  0x08001ae1   Thumb Code    60  main.o(i.HAL_UART_TxCpltCallback)
    HardFault_Handler                        0x08001b25   Thumb Code     2  stm32f4xx_it.o(i.HardFault_Handler)
    MemManage_Handler                        0x08001ee1   Thumb Code     2  stm32f4xx_it.o(i.MemManage_Handler)
    NMI_Handler                              0x08001ee3   Thumb Code     2  stm32f4xx_it.o(i.NMI_Handler)
    PendSV_Handler                           0x08001f05   Thumb Code     2  stm32f4xx_it.o(i.PendSV_Handler)
    RxBufferGetChar                          0x08001f09   Thumb Code    34  main.o(i.RxBufferGetChar)
    SVC_Handler                              0x08001f35   Thumb Code     2  stm32f4xx_it.o(i.SVC_Handler)
    SysTick_Handler                          0x08001f37   Thumb Code    14  stm32f4xx_it.o(i.SysTick_Handler)
    SystemClock_Config                       0x08001f45   Thumb Code   130  main.o(i.SystemClock_Config)
    SystemInit                               0x08001fd1   Thumb Code    66  system_stm32f4xx.o(i.SystemInit)
    TxBufferPutChar                          0x08002025   Thumb Code    34  main.o(i.TxBufferPutChar)
    USART2_IRQHandler                        0x08002419   Thumb Code     6  stm32f4xx_it.o(i.USART2_IRQHandler)
    UsageFault_Handler                       0x08002425   Thumb Code     2  stm32f4xx_it.o(i.UsageFault_Handler)
    __0sprintf                               0x08002429   Thumb Code    34  printfa.o(i.__0sprintf)
    __1sprintf                               0x08002429   Thumb Code     0  printfa.o(i.__0sprintf)
    __2sprintf                               0x08002429   Thumb Code     0  printfa.o(i.__0sprintf)
    __c89sprintf                             0x08002429   Thumb Code     0  printfa.o(i.__0sprintf)
    sprintf                                  0x08002429   Thumb Code     0  printfa.o(i.__0sprintf)
    __ARM_fpclassify                         0x08002451   Thumb Code    48  fpclassify.o(i.__ARM_fpclassify)
    __aeabi_errno_addr                       0x08002481   Thumb Code     4  errno.o(i.__aeabi_errno_addr)
    __rt_errno_addr                          0x08002481   Thumb Code     0  errno.o(i.__aeabi_errno_addr)
    __hardfp_pow                             0x08002489   Thumb Code  3072  pow.o(i.__hardfp_pow)
    __hardfp_sqrt                            0x080030d9   Thumb Code   122  sqrt.o(i.__hardfp_sqrt)
    __kernel_poly                            0x08003153   Thumb Code   248  poly.o(i.__kernel_poly)
    __mathlib_dbl_divzero                    0x08003251   Thumb Code    28  dunder.o(i.__mathlib_dbl_divzero)
    __mathlib_dbl_infnan2                    0x08003281   Thumb Code    20  dunder.o(i.__mathlib_dbl_infnan2)
    __mathlib_dbl_invalid                    0x08003299   Thumb Code    24  dunder.o(i.__mathlib_dbl_invalid)
    __mathlib_dbl_overflow                   0x080032b9   Thumb Code    24  dunder.o(i.__mathlib_dbl_overflow)
    __mathlib_dbl_underflow                  0x080032d9   Thumb Code    24  dunder.o(i.__mathlib_dbl_underflow)
    __scatterload_copy                       0x080032f9   Thumb Code    14  handlers.o(i.__scatterload_copy)
    __scatterload_null                       0x08003307   Thumb Code     2  handlers.o(i.__scatterload_null)
    __scatterload_zeroinit                   0x08003309   Thumb Code    14  handlers.o(i.__scatterload_zeroinit)
    __set_errno                              0x08003319   Thumb Code     6  errno.o(i.__set_errno)
    addToCommandQueue                        0x08003be1   Thumb Code   110  main.o(i.addToCommandQueue)
    addToTx                                  0x08003c5d   Thumb Code    94  main.o(i.addToTx)
    checkCommand                             0x08003cc5   Thumb Code    82  main.o(i.checkCommand)
    digit_to_int                             0x08003d1d   Thumb Code    26  main.o(i.digit_to_int)
    executeCommand                           0x08003d39   Thumb Code   216  main.o(i.executeCommand)
    fabs                                     0x08003e4d   Thumb Code    24  fabs.o(i.fabs)
    free                                     0x08003e65   Thumb Code    76  malloc.o(i.free)
    getLux                                   0x08003eb5   Thumb Code   114  main.o(i.getLux)
    getMean                                  0x08003f31   Thumb Code    96  main.o(i.getMean)
    getSD                                    0x08003f9d   Thumb Code   280  main.o(i.getSD)
    grabCommand                              0x080040c9   Thumb Code    52  main.o(i.grabCommand)
    main                                     0x08004105   Thumb Code   432  main.o(i.main)
    malloc                                   0x0800431d   Thumb Code    92  malloc.o(i.malloc)
    powerDownSensor                          0x08004389   Thumb Code    20  main.o(i.powerDownSensor)
    powerUpSensor                            0x080043a5   Thumb Code    20  main.o(i.powerUpSensor)
    processCommand                           0x080043c1   Thumb Code    52  main.o(i.processCommand)
    sqrt                                     0x080043f9   Thumb Code   110  sqrt.o(i.sqrt)
    AHBPrescTable                            0x08004466   Data          16  system_stm32f4xx.o(.constdata)
    APBPrescTable                            0x08004476   Data           8  system_stm32f4xx.o(.constdata)
    __mathlib_zero                           0x08004508   Data           8  qnan.o(.constdata)
    __ctype_table                            0x08004510   Data         129  ctype_o.o(.constdata)
    Region$$Table$$Base                      0x08004598   Number         0  anon$$obj.o(Region$$Table)
    Region$$Table$$Limit                     0x080045b8   Number         0  anon$$obj.o(Region$$Table)
    ch0                                      0x20000000   Data           1  main.o(.data)
    ch1                                      0x20000001   Data           1  main.o(.data)
    resultsCounter                           0x20000002   Data           1  main.o(.data)
    resultsWriteIndex                        0x20000003   Data           1  main.o(.data)
    command                                  0x20000004   Data           1  main.o(.data)
    res                                      0x20000005   Data           1  main.o(.data)
    isOn                                     0x20000006   Data           1  main.o(.data)
    isLuxTransmitOn                          0x20000007   Data           1  main.o(.data)
    isIRTransmitOn                           0x20000008   Data           1  main.o(.data)
    temp                                     0x20000009   Data           1  main.o(.data)
    wlacz_czujnik                            0x2000000a   Data           2  main.o(.data)
    wylacz_czujnik                           0x2000000c   Data           2  main.o(.data)
    ch0Raw                                   0x2000000e   Data           2  main.o(.data)
    ch1Raw                                   0x20000010   Data           2  main.o(.data)
    channel0                                 0x20000012   Data           2  main.o(.data)
    channel1                                 0x20000014   Data           2  main.o(.data)
    lux                                      0x20000016   Data           2  main.o(.data)
    speed                                    0x20000018   Data           2  main.o(.data)
    currentLux                               0x2000001a   Data           2  main.o(.data)
    currentIR                                0x2000001c   Data           2  main.o(.data)
    counter                                  0x2000001e   Data           2  main.o(.data)
    writeIndex                               0x20000020   Data           2  main.o(.data)
    readIndex                                0x20000022   Data           2  main.o(.data)
    commandCounter                           0x20000024   Data           2  main.o(.data)
    i                                        0x20000026   Data           2  main.o(.data)
    j                                        0x20000028   Data           2  main.o(.data)
    commandWriteIndex                        0x2000002a   Data           2  main.o(.data)
    commandReadIndex                         0x2000002c   Data           2  main.o(.data)
    txWriteIndex                             0x2000002e   Data           2  main.o(.data)
    stopTx                                   0x20000030   Data           2  main.o(.data)
    txReadIndex                              0x20000032   Data           2  main.o(.data)
    txCounter                                0x20000034   Data           2  main.o(.data)
    tickstart                                0x20000038   Data           4  main.o(.data)
    luxMean                                  0x2000003c   Data           4  main.o(.data)
    infraredMean                             0x20000040   Data           4  main.o(.data)
    luxSD                                    0x20000044   Data           4  main.o(.data)
    infraredSD                               0x20000048   Data           4  main.o(.data)
    param                                    0x2000004c   Data           4  main.o(.data)
    commandBuffer                            0x20000050   Data           7  main.o(.data)
    uwTick                                   0x20000058   Data           4  stm32f4xx_hal.o(.data)
    SystemCoreClock                          0x2000005c   Data           4  system_stm32f4xx.o(.data)
    __microlib_freelist                      0x20000060   Data           4  mvars.o(.data)
    __microlib_freelist_initialised          0x20000064   Data           4  mvars.o(.data)
    hi2c1                                    0x2000006c   Data          84  main.o(.bss)
    huart2                                   0x200000c0   Data          64  main.o(.bss)
    luxResults                               0x20000100   Data          20  main.o(.bss)
    infraredResults                          0x20000114   Data          20  main.o(.bss)
    rxBuffer                                 0x20000128   Data        1024  main.o(.bss)
    txBuffer                                 0x20000528   Data        1024  main.o(.bss)
    commandQueue                             0x20000928   Data        2048  main.o(.bss)
    paramQueue                               0x20001128   Data        2048  main.o(.bss)
    __heap_base                              0x20001928   Data           0  startup_stm32f446xx.o(HEAP)
    __heap_limit                             0x20001b28   Data           0  startup_stm32f446xx.o(HEAP)
    __initial_sp                             0x20001f28   Data           0  startup_stm32f446xx.o(STACK)



==============================================================================

Memory Map of the image

  Image Entry point : 0x080001c5

  Load Region LR_IROM1 (Base: 0x08000000, Size: 0x00004624, Max: 0x00080000, ABSOLUTE)

    Execution Region ER_IROM1 (Exec base: 0x08000000, Load base: 0x08000000, Size: 0x000045b8, Max: 0x00080000, ABSOLUTE)

    Exec Addr    Load Addr    Size         Type   Attr      Idx    E Section Name        Object

    0x08000000   0x08000000   0x000001c4   Data   RO         2291    RESET               startup_stm32f446xx.o
    0x080001c4   0x080001c4   0x00000000   Code   RO         2360  * .ARM.Collect$$$$00000000  mc_w.l(entry.o)
    0x080001c4   0x080001c4   0x00000004   Code   RO         2689    .ARM.Collect$$$$00000001  mc_w.l(entry2.o)
    0x080001c8   0x080001c8   0x00000004   Code   RO         2692    .ARM.Collect$$$$00000004  mc_w.l(entry5.o)
    0x080001cc   0x080001cc   0x00000000   Code   RO         2694    .ARM.Collect$$$$00000008  mc_w.l(entry7b.o)
    0x080001cc   0x080001cc   0x00000000   Code   RO         2696    .ARM.Collect$$$$0000000A  mc_w.l(entry8b.o)
    0x080001cc   0x080001cc   0x00000008   Code   RO         2697    .ARM.Collect$$$$0000000B  mc_w.l(entry9a.o)
    0x080001d4   0x080001d4   0x00000000   Code   RO         2699    .ARM.Collect$$$$0000000D  mc_w.l(entry10a.o)
    0x080001d4   0x080001d4   0x00000000   Code   RO         2701    .ARM.Collect$$$$0000000F  mc_w.l(entry11a.o)
    0x080001d4   0x080001d4   0x00000004   Code   RO         2690    .ARM.Collect$$$$00002712  mc_w.l(entry2.o)
    0x080001d8   0x080001d8   0x00000024   Code   RO         2292    .text               startup_stm32f446xx.o
    0x080001fc   0x080001fc   0x00000062   Code   RO         2363    .text               mc_w.l(uldiv.o)
    0x0800025e   0x0800025e   0x0000000e   Code   RO         2365    .text               mc_w.l(strlen.o)
    0x0800026c   0x0800026c   0x00000070   Code   RO         2656    .text               mc_w.l(strtol.o)
    0x080002dc   0x080002dc   0x0000014e   Code   RO         2658    .text               mf_w.l(dadd.o)
    0x0800042a   0x0800042a   0x00000026   Code   RO         2660    .text               mf_w.l(f2d.o)
    0x08000450   0x08000450   0x00000038   Code   RO         2662    .text               mf_w.l(d2f.o)
    0x08000488   0x08000488   0x0000002c   Code   RO         2706    .text               mc_w.l(uidiv.o)
    0x080004b4   0x080004b4   0x0000001e   Code   RO         2708    .text               mc_w.l(llshl.o)
    0x080004d2   0x080004d2   0x00000020   Code   RO         2710    .text               mc_w.l(llushr.o)
    0x080004f2   0x080004f2   0x00000024   Code   RO         2712    .text               mc_w.l(llsshr.o)
    0x08000516   0x08000516   0x00000002   PAD
    0x08000518   0x08000518   0x00000008   Code   RO         2714    .text               mc_w.l(ctype_o.o)
    0x08000520   0x08000520   0x0000009e   Code   RO         2755    .text               mc_w.l(_strtoul.o)
    0x080005be   0x080005be   0x00000000   Code   RO         2757    .text               mc_w.l(iusefp.o)
    0x080005be   0x080005be   0x0000006e   Code   RO         2758    .text               mf_w.l(fepilogue.o)
    0x0800062c   0x0800062c   0x000000ba   Code   RO         2760    .text               mf_w.l(depilogue.o)
    0x080006e6   0x080006e6   0x000000e4   Code   RO         2762    .text               mf_w.l(dmul.o)
    0x080007ca   0x080007ca   0x000000de   Code   RO         2764    .text               mf_w.l(ddiv.o)
    0x080008a8   0x080008a8   0x0000002e   Code   RO         2768    .text               mf_w.l(dscalb.o)
    0x080008d6   0x080008d6   0x000000a2   Code   RO         2770    .text               mf_w.l(dsqrt.o)
    0x08000978   0x08000978   0x00000022   Code   RO         2772    .text               mf_w.l(dflti.o)
    0x0800099a   0x0800099a   0x00000030   Code   RO         2774    .text               mf_w.l(dfixul.o)
    0x080009ca   0x080009ca   0x00000002   PAD
    0x080009cc   0x080009cc   0x00000030   Code   RO         2778    .text               mf_w.l(cdrcmple.o)
    0x080009fc   0x080009fc   0x00000024   Code   RO         2780    .text               mc_w.l(init.o)
    0x08000a20   0x08000a20   0x0000001c   Code   RO         2783    .text               mc_w.l(_chval.o)
    0x08000a3c   0x08000a3c   0x00000002   Code   RO          303    i.BusFault_Handler  stm32f4xx_it.o
    0x08000a3e   0x08000a3e   0x0000011e   Code   RO          382    i.CalculateLux      lux.o
    0x08000b5c   0x08000b5c   0x00000002   Code   RO          304    i.DebugMon_Handler  stm32f4xx_it.o
    0x08000b5e   0x08000b5e   0x00000024   Code   RO         1223    i.HAL_DMA_Abort_IT  stm32f4xx_hal_dma.o
    0x08000b82   0x08000b82   0x00000002   PAD
    0x08000b84   0x08000b84   0x000001a4   Code   RO          637    i.HAL_GPIO_Init     stm32f4xx_hal_gpio.o
    0x08000d28   0x08000d28   0x0000000c   Code   RO         1356    i.HAL_GetTick       stm32f4xx_hal.o
    0x08000d34   0x08000d34   0x00000108   Code   RO         1507    i.HAL_I2C_Init      stm32f4xx_hal_i2c.o
    0x08000e3c   0x08000e3c   0x000001e8   Code   RO         1513    i.HAL_I2C_Master_Receive  stm32f4xx_hal_i2c.o
    0x08001024   0x08001024   0x00000138   Code   RO         1518    i.HAL_I2C_Master_Transmit  stm32f4xx_hal_i2c.o
    0x0800115c   0x0800115c   0x0000004c   Code   RO          256    i.HAL_I2C_MspInit   stm32f4xx_hal_msp.o
    0x080011a8   0x080011a8   0x00000010   Code   RO         1358    i.HAL_IncTick       stm32f4xx_hal.o
    0x080011b8   0x080011b8   0x00000034   Code   RO         1359    i.HAL_Init          stm32f4xx_hal.o
    0x080011ec   0x080011ec   0x00000028   Code   RO         1360    i.HAL_InitTick      stm32f4xx_hal.o
    0x08001214   0x08001214   0x00000058   Code   RO          257    i.HAL_MspInit       stm32f4xx_hal_msp.o
    0x0800126c   0x0800126c   0x00000016   Code   RO          402    i.HAL_NVIC_EnableIRQ  stm32f4xx_hal_cortex.o
    0x08001282   0x08001282   0x00000002   PAD
    0x08001284   0x08001284   0x00000040   Code   RO          408    i.HAL_NVIC_SetPriority  stm32f4xx_hal_cortex.o
    0x080012c4   0x080012c4   0x00000024   Code   RO          409    i.HAL_NVIC_SetPriorityGrouping  stm32f4xx_hal_cortex.o
    0x080012e8   0x080012e8   0x00000130   Code   RO          533    i.HAL_RCC_ClockConfig  stm32f4xx_hal_rcc.o
    0x08001418   0x08001418   0x0000000c   Code   RO          538    i.HAL_RCC_GetHCLKFreq  stm32f4xx_hal_rcc.o
    0x08001424   0x08001424   0x00000020   Code   RO          540    i.HAL_RCC_GetPCLK1Freq  stm32f4xx_hal_rcc.o
    0x08001444   0x08001444   0x00000020   Code   RO          541    i.HAL_RCC_GetPCLK2Freq  stm32f4xx_hal_rcc.o
    0x08001464   0x08001464   0x00000098   Code   RO         1023    i.HAL_RCC_GetSysClockFreq  stm32f4xx_hal_rcc_ex.o
    0x080014fc   0x080014fc   0x0000030c   Code   RO         1024    i.HAL_RCC_OscConfig  stm32f4xx_hal_rcc_ex.o
    0x08001808   0x08001808   0x00000018   Code   RO          411    i.HAL_SYSTICK_CLKSourceConfig  stm32f4xx_hal_cortex.o
    0x08001820   0x08001820   0x00000002   Code   RO          412    i.HAL_SYSTICK_Callback  stm32f4xx_hal_cortex.o
    0x08001822   0x08001822   0x00000028   Code   RO          413    i.HAL_SYSTICK_Config  stm32f4xx_hal_cortex.o
    0x0800184a   0x0800184a   0x00000008   Code   RO          414    i.HAL_SYSTICK_IRQHandler  stm32f4xx_hal_cortex.o
    0x08001852   0x08001852   0x00000002   Code   RO         1987    i.HAL_UART_ErrorCallback  stm32f4xx_hal_uart.o
    0x08001854   0x08001854   0x00000110   Code   RO         1990    i.HAL_UART_IRQHandler  stm32f4xx_hal_uart.o
    0x08001964   0x08001964   0x00000062   Code   RO         1991    i.HAL_UART_Init     stm32f4xx_hal_uart.o
    0x080019c6   0x080019c6   0x00000002   PAD
    0x080019c8   0x080019c8   0x0000005c   Code   RO          259    i.HAL_UART_MspInit  stm32f4xx_hal_msp.o
    0x08001a24   0x08001a24   0x00000048   Code   RO         1996    i.HAL_UART_Receive_IT  stm32f4xx_hal_uart.o
    0x08001a6c   0x08001a6c   0x00000034   Code   RO            4    i.HAL_UART_RxCpltCallback  main.o
    0x08001aa0   0x08001aa0   0x0000003e   Code   RO         2001    i.HAL_UART_Transmit_IT  stm32f4xx_hal_uart.o
    0x08001ade   0x08001ade   0x00000002   PAD
    0x08001ae0   0x08001ae0   0x00000044   Code   RO            5    i.HAL_UART_TxCpltCallback  main.o
    0x08001b24   0x08001b24   0x00000002   Code   RO          305    i.HardFault_Handler  stm32f4xx_it.o
    0x08001b26   0x08001b26   0x00000028   Code   RO         1545    i.I2C_IsAcknowledgeFailed  stm32f4xx_hal_i2c.o
    0x08001b4e   0x08001b4e   0x000000de   Code   RO         1548    i.I2C_MasterRequestRead  stm32f4xx_hal_i2c.o
    0x08001c2c   0x08001c2c   0x00000094   Code   RO         1549    i.I2C_MasterRequestWrite  stm32f4xx_hal_i2c.o
    0x08001cc0   0x08001cc0   0x0000004e   Code   RO         1558    i.I2C_WaitOnBTFFlagUntilTimeout  stm32f4xx_hal_i2c.o
    0x08001d0e   0x08001d0e   0x00000060   Code   RO         1559    i.I2C_WaitOnFlagUntilTimeout  stm32f4xx_hal_i2c.o
    0x08001d6e   0x08001d6e   0x00000002   PAD
    0x08001d70   0x08001d70   0x00000088   Code   RO         1560    i.I2C_WaitOnMasterAddressFlagUntilTimeout  stm32f4xx_hal_i2c.o
    0x08001df8   0x08001df8   0x00000062   Code   RO         1561    i.I2C_WaitOnRXNEFlagUntilTimeout  stm32f4xx_hal_i2c.o
    0x08001e5a   0x08001e5a   0x0000004e   Code   RO         1562    i.I2C_WaitOnTXEFlagUntilTimeout  stm32f4xx_hal_i2c.o
    0x08001ea8   0x08001ea8   0x00000038   Code   RO            6    i.MX_I2C1_Init      main.o
    0x08001ee0   0x08001ee0   0x00000002   Code   RO          306    i.MemManage_Handler  stm32f4xx_it.o
    0x08001ee2   0x08001ee2   0x00000002   Code   RO          307    i.NMI_Handler       stm32f4xx_it.o
    0x08001ee4   0x08001ee4   0x00000020   Code   RO          415    i.NVIC_SetPriority  stm32f4xx_hal_cortex.o
    0x08001f04   0x08001f04   0x00000002   Code   RO          308    i.PendSV_Handler    stm32f4xx_it.o
    0x08001f06   0x08001f06   0x00000002   PAD
    0x08001f08   0x08001f08   0x0000002c   Code   RO            7    i.RxBufferGetChar   main.o
    0x08001f34   0x08001f34   0x00000002   Code   RO          309    i.SVC_Handler       stm32f4xx_it.o
    0x08001f36   0x08001f36   0x0000000e   Code   RO          310    i.SysTick_Handler   stm32f4xx_it.o
    0x08001f44   0x08001f44   0x0000008c   Code   RO            8    i.SystemClock_Config  main.o
    0x08001fd0   0x08001fd0   0x00000054   Code   RO         2300    i.SystemInit        system_stm32f4xx.o
    0x08002024   0x08002024   0x0000002c   Code   RO            9    i.TxBufferPutChar   main.o
    0x08002050   0x08002050   0x00000010   Code   RO         2004    i.UART_DMAAbortOnError  stm32f4xx_hal_uart.o
    0x08002060   0x08002060   0x0000001c   Code   RO         2014    i.UART_EndRxTransfer  stm32f4xx_hal_uart.o
    0x0800207c   0x0800207c   0x0000008c   Code   RO         2016    i.UART_Receive_IT   stm32f4xx_hal_uart.o
    0x08002108   0x08002108   0x000002ac   Code   RO         2017    i.UART_SetConfig    stm32f4xx_hal_uart.o
    0x080023b4   0x080023b4   0x00000062   Code   RO         2018    i.UART_Transmit_IT  stm32f4xx_hal_uart.o
    0x08002416   0x08002416   0x00000002   PAD
    0x08002418   0x08002418   0x0000000c   Code   RO          311    i.USART2_IRQHandler  stm32f4xx_it.o
    0x08002424   0x08002424   0x00000002   Code   RO          312    i.UsageFault_Handler  stm32f4xx_it.o
    0x08002426   0x08002426   0x00000002   PAD
    0x08002428   0x08002428   0x00000028   Code   RO         2602    i.__0sprintf        mc_w.l(printfa.o)
    0x08002450   0x08002450   0x00000030   Code   RO         2684    i.__ARM_fpclassify  m_wm.l(fpclassify.o)
    0x08002480   0x08002480   0x00000008   Code   RO         2748    i.__aeabi_errno_addr  mc_w.l(errno.o)
    0x08002488   0x08002488   0x00000c50   Code   RO         2334    i.__hardfp_pow      m_wm.l(pow.o)
    0x080030d8   0x080030d8   0x0000007a   Code   RO         2348    i.__hardfp_sqrt     m_wm.l(sqrt.o)
    0x08003152   0x08003152   0x000000f8   Code   RO         2686    i.__kernel_poly     m_wm.l(poly.o)
    0x0800324a   0x0800324a   0x00000006   PAD
    0x08003250   0x08003250   0x00000030   Code   RO         2664    i.__mathlib_dbl_divzero  m_wm.l(dunder.o)
    0x08003280   0x08003280   0x00000014   Code   RO         2666    i.__mathlib_dbl_infnan2  m_wm.l(dunder.o)
    0x08003294   0x08003294   0x00000004   PAD
    0x08003298   0x08003298   0x00000020   Code   RO         2667    i.__mathlib_dbl_invalid  m_wm.l(dunder.o)
    0x080032b8   0x080032b8   0x00000020   Code   RO         2668    i.__mathlib_dbl_overflow  m_wm.l(dunder.o)
    0x080032d8   0x080032d8   0x00000020   Code   RO         2670    i.__mathlib_dbl_underflow  m_wm.l(dunder.o)
    0x080032f8   0x080032f8   0x0000000e   Code   RO         2788    i.__scatterload_copy  mc_w.l(handlers.o)
    0x08003306   0x08003306   0x00000002   Code   RO         2789    i.__scatterload_null  mc_w.l(handlers.o)
    0x08003308   0x08003308   0x0000000e   Code   RO         2790    i.__scatterload_zeroinit  mc_w.l(handlers.o)
    0x08003316   0x08003316   0x00000002   PAD
    0x08003318   0x08003318   0x0000000c   Code   RO         2750    i.__set_errno       mc_w.l(errno.o)
    0x08003324   0x08003324   0x00000184   Code   RO         2607    i._fp_digits        mc_w.l(printfa.o)
    0x080034a8   0x080034a8   0x000006dc   Code   RO         2608    i._printf_core      mc_w.l(printfa.o)
    0x08003b84   0x08003b84   0x00000024   Code   RO         2609    i._printf_post_padding  mc_w.l(printfa.o)
    0x08003ba8   0x08003ba8   0x0000002e   Code   RO         2610    i._printf_pre_padding  mc_w.l(printfa.o)
    0x08003bd6   0x08003bd6   0x0000000a   Code   RO         2612    i._sputc            mc_w.l(printfa.o)
    0x08003be0   0x08003be0   0x0000007c   Code   RO           11    i.addToCommandQueue  main.o
    0x08003c5c   0x08003c5c   0x00000068   Code   RO           12    i.addToTx           main.o
    0x08003cc4   0x08003cc4   0x00000058   Code   RO           14    i.checkCommand      main.o
    0x08003d1c   0x08003d1c   0x0000001a   Code   RO           15    i.digit_to_int      main.o
    0x08003d36   0x08003d36   0x00000002   PAD
    0x08003d38   0x08003d38   0x00000114   Code   RO           16    i.executeCommand    main.o
    0x08003e4c   0x08003e4c   0x00000018   Code   RO         2680    i.fabs              m_wm.l(fabs.o)
    0x08003e64   0x08003e64   0x00000050   Code   RO         2628    i.free              mc_w.l(malloc.o)
    0x08003eb4   0x08003eb4   0x0000007c   Code   RO           17    i.getLux            main.o
    0x08003f30   0x08003f30   0x0000006c   Code   RO           18    i.getMean           main.o
    0x08003f9c   0x08003f9c   0x0000012c   Code   RO           19    i.getSD             main.o
    0x080040c8   0x080040c8   0x0000003c   Code   RO           20    i.grabCommand       main.o
    0x08004104   0x08004104   0x00000218   Code   RO           21    i.main              main.o
    0x0800431c   0x0800431c   0x0000006c   Code   RO         2629    i.malloc            mc_w.l(malloc.o)
    0x08004388   0x08004388   0x0000001c   Code   RO           22    i.powerDownSensor   main.o
    0x080043a4   0x080043a4   0x0000001c   Code   RO           23    i.powerUpSensor     main.o
    0x080043c0   0x080043c0   0x00000038   Code   RO           24    i.processCommand    main.o
    0x080043f8   0x080043f8   0x0000006e   Code   RO         2350    i.sqrt              m_wm.l(sqrt.o)
    0x08004466   0x08004466   0x00000010   Data   RO         2301    .constdata          system_stm32f4xx.o
    0x08004476   0x08004476   0x00000008   Data   RO         2302    .constdata          system_stm32f4xx.o
    0x0800447e   0x0800447e   0x00000002   PAD
    0x08004480   0x08004480   0x00000088   Data   RO         2337    .constdata          m_wm.l(pow.o)
    0x08004508   0x08004508   0x00000008   Data   RO         2688    .constdata          m_wm.l(qnan.o)
    0x08004510   0x08004510   0x00000081   Data   RO         2715    .constdata          mc_w.l(ctype_o.o)
    0x08004591   0x08004591   0x00000003   PAD
    0x08004594   0x08004594   0x00000004   Data   RO         2716    .constdata          mc_w.l(ctype_o.o)
    0x08004598   0x08004598   0x00000020   Data   RO         2786    Region$$Table       anon$$obj.o


    Execution Region RW_IRAM1 (Exec base: 0x20000000, Load base: 0x080045b8, Size: 0x00001f28, Max: 0x00020000, ABSOLUTE)

    Exec Addr    Load Addr    Size         Type   Attr      Idx    E Section Name        Object

    0x20000000   0x080045b8   0x00000057   Data   RW           26    .data               main.o
    0x20000057   0x0800460f   0x00000001   PAD
    0x20000058   0x08004610   0x00000004   Data   RW         1365    .data               stm32f4xx_hal.o
    0x2000005c   0x08004614   0x00000004   Data   RW         2303    .data               system_stm32f4xx.o
    0x20000060   0x08004618   0x00000004   Data   RW         2746    .data               mc_w.l(mvars.o)
    0x20000064   0x0800461c   0x00000004   Data   RW         2747    .data               mc_w.l(mvars.o)
    0x20000068   0x08004620   0x00000004   Data   RW         2751    .data               mc_w.l(errno.o)
    0x2000006c        -       0x000018bc   Zero   RW           25    .bss                main.o
    0x20001928        -       0x00000200   Zero   RW         2290    HEAP                startup_stm32f446xx.o
    0x20001b28        -       0x00000400   Zero   RW         2289    STACK               startup_stm32f446xx.o


==============================================================================

Image component sizes


      Code (inc. data)   RO Data    RW Data    ZI Data      Debug   Object Name

       286          0          0          0          0       1427   lux.o
      2262        330          0         87       6332     689740   main.o
        36          8        452          0       1536        804   startup_stm32f446xx.o
       120         22          0          4          0       3803   stm32f4xx_hal.o
       228         14          0          0          0      32149   stm32f4xx_hal_cortex.o
        36          0          0          0          0       1219   stm32f4xx_hal_dma.o
       420         42          0          0          0       1756   stm32f4xx_hal_gpio.o
      1960         38          0          0          0      12546   stm32f4xx_hal_i2c.o
       256         28          0          0          0       2175   stm32f4xx_hal_msp.o
       380         48          0          0          0       3374   stm32f4xx_hal_rcc.o
       932         34          0          0          0       2598   stm32f4xx_hal_rcc_ex.o
      1472         14          0          0          0       7936   stm32f4xx_hal_uart.o
        42          6          0          0          0       4594   stm32f4xx_it.o
        84         18         24          4          0       1159   system_stm32f4xx.o

    ----------------------------------------------------------------------
      8532        602        510         96       7868     765280   Object Totals
         0          0         32          0          0          0   (incl. Generated)
        18          0          2          1          0          0   (incl. Padding)

    ----------------------------------------------------------------------

      Code (inc. data)   RO Data    RW Data    ZI Data      Debug   Library Member Name

       164         44          0          0          0        620   dunder.o
        24          0          0          0          0        124   fabs.o
        48          0          0          0          0        124   fpclassify.o
       248          0          0          0          0        152   poly.o
      3152        296        136          0          0        352   pow.o
         0          0          8          0          0          0   qnan.o
       232          0          0          0          0        296   sqrt.o
        28          0          0          0          0         68   _chval.o
       158          0          0          0          0         92   _strtoul.o
         8          4        133          0          0         68   ctype_o.o
         0          0          0          0          0          0   entry.o
         0          0          0          0          0          0   entry10a.o
         0          0          0          0          0          0   entry11a.o
         8          4          0          0          0          0   entry2.o
         4          0          0          0          0          0   entry5.o
         0          0          0          0          0          0   entry7b.o
         0          0          0          0          0          0   entry8b.o
         8          4          0          0          0          0   entry9a.o
        20         10          0          4          0        136   errno.o
        30          0          0          0          0          0   handlers.o
        36          8          0          0          0         68   init.o
         0          0          0          0          0          0   iusefp.o
        30          0          0          0          0         68   llshl.o
        36          0          0          0          0         68   llsshr.o
        32          0          0          0          0         68   llushr.o
       188         20          0          0          0        160   malloc.o
         0          0          0          8          0          0   mvars.o
      2276         86          0          0          0        520   printfa.o
        14          0          0          0          0         68   strlen.o
       112          0          0          0          0         88   strtol.o
        44          0          0          0          0         80   uidiv.o
        98          0          0          0          0         92   uldiv.o
        48          0          0          0          0         68   cdrcmple.o
        56          0          0          0          0         88   d2f.o
       334          0          0          0          0        148   dadd.o
       222          0          0          0          0        100   ddiv.o
       186          0          0          0          0        176   depilogue.o
        48          0          0          0          0         68   dfixul.o
        34          0          0          0          0         76   dflti.o
       228          0          0          0          0         96   dmul.o
        46          0          0          0          0         80   dscalb.o
       162          0          0          0          0        100   dsqrt.o
        38          0          0          0          0         68   f2d.o
       110          0          0          0          0        168   fepilogue.o

    ----------------------------------------------------------------------
      8526        476        280         12          0       4548   Library Totals
        16          0          3          0          0          0   (incl. Padding)

    ----------------------------------------------------------------------

      Code (inc. data)   RO Data    RW Data    ZI Data      Debug   Library Name

      3868        340        144          0          0       1668   m_wm.l
      3130        136        133         12          0       1644   mc_w.l
      1512          0          0          0          0       1236   mf_w.l

    ----------------------------------------------------------------------
      8526        476        280         12          0       4548   Library Totals

    ----------------------------------------------------------------------

==============================================================================


      Code (inc. data)   RO Data    RW Data    ZI Data      Debug   

     17058       1078        790        108       7868     760724   Grand Totals
     17058       1078        790        108       7868     760724   ELF Image Totals
     17058       1078        790        108          0          0   ROM Totals

==============================================================================

    Total RO  Size (Code + RO Data)                17848 (  17.43kB)
    Total RW  Size (RW Data + ZI Data)              7976 (   7.79kB)
    Total ROM Size (Code + RO Data + RW Data)      17956 (  17.54kB)

==============================================================================

